Component: ARM Compiler 5.06 update 5 (build 528) Tool: armlink [4d35e2]

==============================================================================

Section Cross References

    startup_stm32h723xx.o(STACK) refers (Special) to heapauxi.o(.text) for __use_two_region_memory
    startup_stm32h723xx.o(HEAP) refers (Special) to heapauxi.o(.text) for __use_two_region_memory
    startup_stm32h723xx.o(RESET) refers (Special) to heapauxi.o(.text) for __use_two_region_memory
    startup_stm32h723xx.o(RESET) refers to startup_stm32h723xx.o(STACK) for __initial_sp
    startup_stm32h723xx.o(RESET) refers to startup_stm32h723xx.o(.text) for Reset_Handler
    startup_stm32h723xx.o(RESET) refers to stm32h7xx_it.o(i.NMI_Handler) for NMI_Handler
    startup_stm32h723xx.o(RESET) refers to stm32h7xx_it.o(i.HardFault_Handler) for HardFault_Handler
    startup_stm32h723xx.o(RESET) refers to stm32h7xx_it.o(i.MemManage_Handler) for MemManage_Handler
    startup_stm32h723xx.o(RESET) refers to stm32h7xx_it.o(i.BusFault_Handler) for BusFault_Handler
    startup_stm32h723xx.o(RESET) refers to stm32h7xx_it.o(i.UsageFault_Handler) for UsageFault_Handler
    startup_stm32h723xx.o(RESET) refers to stm32h7xx_it.o(i.SVC_Handler) for SVC_Handler
    startup_stm32h723xx.o(RESET) refers to stm32h7xx_it.o(i.DebugMon_Handler) for DebugMon_Handler
    startup_stm32h723xx.o(RESET) refers to stm32h7xx_it.o(i.PendSV_Handler) for PendSV_Handler
    startup_stm32h723xx.o(RESET) refers to stm32h7xx_it.o(i.SysTick_Handler) for SysTick_Handler
    startup_stm32h723xx.o(RESET) refers to stm32h7xx_it.o(i.TIM1_UP_IRQHandler) for TIM1_UP_IRQHandler
    startup_stm32h723xx.o(RESET) refers to stm32h7xx_it.o(i.TIM8_UP_TIM13_IRQHandler) for TIM8_UP_TIM13_IRQHandler
    startup_stm32h723xx.o(.text) refers (Special) to heapauxi.o(.text) for __use_two_region_memory
    startup_stm32h723xx.o(.text) refers to system_stm32h7xx.o(i.ExitRun0Mode) for ExitRun0Mode
    startup_stm32h723xx.o(.text) refers to system_stm32h7xx.o(i.SystemInit) for SystemInit
    startup_stm32h723xx.o(.text) refers to __main.o(!!!main) for __main
    startup_stm32h723xx.o(.text) refers to startup_stm32h723xx.o(HEAP) for Heap_Mem
    startup_stm32h723xx.o(.text) refers to startup_stm32h723xx.o(STACK) for Stack_Mem
    main.o(i.HAL_TIM_PeriodElapsedCallback) refers to foc.o(i.Foc_Loop) for Foc_Loop
    main.o(i.HAL_TIM_PeriodElapsedCallback) refers to stm32h7xx_hal_gpio.o(i.HAL_GPIO_WritePin) for HAL_GPIO_WritePin
    main.o(i.PeriphCommonClock_Config) refers to rt_memclr_w.o(.text) for __aeabi_memclr4
    main.o(i.PeriphCommonClock_Config) refers to stm32h7xx_hal_rcc_ex.o(i.HAL_RCCEx_PeriphCLKConfig) for HAL_RCCEx_PeriphCLKConfig
    main.o(i.Print1_Motor_To_VOFA) refers to _printf_percent.o(.ARM.Collect$$_printf_percent$$00000000) for _printf_percent
    main.o(i.Print1_Motor_To_VOFA) refers to _printf_f.o(.ARM.Collect$$_printf_percent$$00000003) for _printf_f
    main.o(i.Print1_Motor_To_VOFA) refers to printf1.o(x$fpl$printf1) for _printf_fp_dec
    main.o(i.Print1_Motor_To_VOFA) refers to __2sprintf.o(.text) for __2sprintf
    main.o(i.Print1_Motor_To_VOFA) refers to stm32h7xx_hal_uart.o(i.HAL_UART_Transmit) for HAL_UART_Transmit
    main.o(i.Print1_Motor_To_VOFA) refers to usart.o(.bss) for huart10
    main.o(i.Print2_Motor_To_VOFA) refers to _printf_percent.o(.ARM.Collect$$_printf_percent$$00000000) for _printf_percent
    main.o(i.Print2_Motor_To_VOFA) refers to _printf_f.o(.ARM.Collect$$_printf_percent$$00000003) for _printf_f
    main.o(i.Print2_Motor_To_VOFA) refers to printf1.o(x$fpl$printf1) for _printf_fp_dec
    main.o(i.Print2_Motor_To_VOFA) refers to __2sprintf.o(.text) for __2sprintf
    main.o(i.Print2_Motor_To_VOFA) refers to stm32h7xx_hal_uart.o(i.HAL_UART_Transmit) for HAL_UART_Transmit
    main.o(i.Print2_Motor_To_VOFA) refers to usart.o(.bss) for huart10
    main.o(i.Print3_Motor_To_VOFA) refers to _printf_percent.o(.ARM.Collect$$_printf_percent$$00000000) for _printf_percent
    main.o(i.Print3_Motor_To_VOFA) refers to _printf_f.o(.ARM.Collect$$_printf_percent$$00000003) for _printf_f
    main.o(i.Print3_Motor_To_VOFA) refers to printf1.o(x$fpl$printf1) for _printf_fp_dec
    main.o(i.Print3_Motor_To_VOFA) refers to __2sprintf.o(.text) for __2sprintf
    main.o(i.Print3_Motor_To_VOFA) refers to stm32h7xx_hal_uart.o(i.HAL_UART_Transmit) for HAL_UART_Transmit
    main.o(i.Print3_Motor_To_VOFA) refers to usart.o(.bss) for huart10
    main.o(i.SystemClock_Config) refers to rt_memclr_w.o(.text) for __aeabi_memclr4
    main.o(i.SystemClock_Config) refers to stm32h7xx_hal_pwr_ex.o(i.HAL_PWREx_ConfigSupply) for HAL_PWREx_ConfigSupply
    main.o(i.SystemClock_Config) refers to stm32h7xx_hal_rcc.o(i.HAL_RCC_OscConfig) for HAL_RCC_OscConfig
    main.o(i.SystemClock_Config) refers to stm32h7xx_hal_rcc.o(i.HAL_RCC_ClockConfig) for HAL_RCC_ClockConfig
    main.o(i.main) refers to stm32h7xx_hal_cortex.o(i.HAL_MPU_Disable) for HAL_MPU_Disable
[...]
    i.main                                   0x080081c0   Section        0  main.o(i.main)
    locale$$code                             0x08008288   Section       44  lc_numeric_c.o(locale$$code)
    x$fpl$dnaninf                            0x080082b4   Section      156  dnaninf.o(x$fpl$dnaninf)
    $v0                                      0x080082b4   Number         0  dnaninf.o(x$fpl$dnaninf)
    x$fpl$drem                               0x08008350   Section      336  drem_clz.o(x$fpl$drem)
    $v0                                      0x08008350   Number         0  drem_clz.o(x$fpl$drem)
    x$fpl$fcmp4                              0x080084a0   Section       82  fcmp4.o(x$fpl$fcmp4)
    $v0                                      0x080084a0   Number         0  fcmp4.o(x$fpl$fcmp4)
    x$fpl$fcmpinf                            0x080084f2   Section       24  fcmpi.o(x$fpl$fcmpinf)
    $v0                                      0x080084f2   Number         0  fcmpi.o(x$fpl$fcmpinf)
    x$fpl$fnaninf                            0x0800850a   Section      140  fnaninf.o(x$fpl$fnaninf)
    $v0                                      0x0800850a   Number         0  fnaninf.o(x$fpl$fnaninf)
    x$fpl$fpinit                             0x08008596   Section       10  fpinit.o(x$fpl$fpinit)
    $v0                                      0x08008596   Number         0  fpinit.o(x$fpl$fpinit)
    x$fpl$frem                               0x080085a0   Section      244  frem_clz.o(x$fpl$frem)
    $v0                                      0x080085a0   Number         0  frem_clz.o(x$fpl$frem)
    x$fpl$printf1                            0x08008694   Section        4  printf1.o(x$fpl$printf1)
    $v0                                      0x08008694   Number         0  printf1.o(x$fpl$printf1)
    .constdata                               0x08008698   Section        8  stm32h7xx_hal_dma.o(.constdata)
    x$fpl$usenofp                            0x08008698   Section        0  usenofp.o(x$fpl$usenofp)
    flagBitshiftOffset                       0x08008698   Data           8  stm32h7xx_hal_dma.o(.constdata)
    .constdata                               0x080086a0   Section       24  stm32h7xx_hal_uart.o(.constdata)
    .constdata                               0x080086b8   Section       16  stm32h7xx_hal_uart_ex.o(.constdata)
    numerator                                0x080086b8   Data           8  stm32h7xx_hal_uart_ex.o(.constdata)
    denominator                              0x080086c0   Data           8  stm32h7xx_hal_uart_ex.o(.constdata)
    .constdata                               0x080086c8   Section       16  system_stm32h7xx.o(.constdata)
    .constdata                               0x080086d8   Section       96  foc.o(.constdata)
    .constdata                               0x08008738   Section       32  user_foc_hal.o(.constdata)
    .constdata                               0x08008758   Section       32  rredf.o(.constdata)
    twooverpi                                0x08008758   Data          32  rredf.o(.constdata)
    .constdata                               0x08008778   Section      148  bigflt0.o(.constdata)
    tenpwrs_x                                0x08008778   Data          60  bigflt0.o(.constdata)
    tenpwrs_i                                0x080087b4   Data          64  bigflt0.o(.constdata)
    locale$$data                             0x0800882c   Section       28  lc_numeric_c.o(locale$$data)
    __lcnum_c_name                           0x08008830   Data           2  lc_numeric_c.o(locale$$data)
    __lcnum_c_start                          0x08008838   Data           0  lc_numeric_c.o(locale$$data)
    __lcnum_c_point                          0x08008844   Data           0  lc_numeric_c.o(locale$$data)
    __lcnum_c_thousands                      0x08008846   Data           0  lc_numeric_c.o(locale$$data)
    __lcnum_c_grouping                       0x08008847   Data           0  lc_numeric_c.o(locale$$data)
    __lcnum_c_end                            0x08008848   Data           0  lc_numeric_c.o(locale$$data)
    .data                                    0x24000000   Section        8  main.o(.data)
    .data                                    0x24000008   Section        4  adc.o(.data)
    HAL_RCC_ADC12_CLK_ENABLED                0x24000008   Data           4  adc.o(.data)
    .data                                    0x2400000c   Section       12  stm32h7xx_hal.o(.data)
    .data                                    0x24000018   Section        8  system_stm32h7xx.o(.data)
    .data                                    0x24000020   Section        4  smo.o(.data)
    .bss                                     0x24000024   Section      464  adc.o(.bss)
    .bss                                     0x240001f4   Section      152  tim.o(.bss)
    .bss                                     0x2400028c   Section      148  usart.o(.bss)
    .bss                                     0x24000320   Section      948  foc.o(.bss)
    .bss                                     0x240006d4   Section       96  libspace.o(.bss)
    HEAP                                     0x24000738   Section      512  startup_stm32h723xx.o(HEAP)
    Heap_Mem                                 0x24000738   Data         512  startup_stm32h723xx.o(HEAP)
    STACK                                    0x24000938   Section     1024  startup_stm32h723xx.o(STACK)
    Stack_Mem                                0x24000938   Data        1024  startup_stm32h723xx.o(STACK)
    __initial_sp                             0x24000d38   Data           0  startup_stm32h723xx.o(STACK)

    Global Symbols

    Symbol Name                              Value     Ov Type        Size  Object(Section)

    BuildAttributes$$THM_ISAv4$E$P$D$K$B$S$7EM$VFPv5_D16$PE$PLD8$A:L22UL41UL21$X:L11$S22US41US21$IEEE1$IW$USESV6$~STKCKD$USESV7$~SHL$OTIME$ROPI$IEEEX$EBA8$UX$STANDARDLIB$REQ8$PRES8$EABIv2 0x00000000   Number         0  anon$$obj.o ABSOLUTE
    __ARM_use_no_argv                        0x00000000   Number         0  main.o ABSOLUTE
    _printf_flags                            0x00000000   Number         0  printf_stubs.o ABSOLUTE
    _printf_return_value                     0x00000000   Number         0  printf_stubs.o ABSOLUTE
    _printf_sizespec                         0x00000000   Number         0  printf_stubs.o ABSOLUTE
    _printf_widthprec                        0x00000000   Number         0  printf_stubs.o ABSOLUTE
    __ARM_exceptions_init                     - Undefined Weak Reference
    __alloca_initialize                       - Undefined Weak Reference
    __arm_preinit_                            - Undefined Weak Reference
    __cpp_initialize__aeabi_                  - Undefined Weak Reference
    __cxa_finalize                            - Undefined Weak Reference
    __sigvec_lookup                           - Undefined Weak Reference
    _atexit_init                              - Undefined Weak Reference
    _call_atexit_fns                          - Undefined Weak Reference
    _clock_init                               - Undefined Weak Reference
    _fp_trap_init                             - Undefined Weak Reference
    _fp_trap_shutdown                         - Undefined Weak Reference
    _get_lc_collate                           - Undefined Weak Reference
    _get_lc_ctype                             - Undefined Weak Reference
    _get_lc_monetary                          - Undefined Weak Reference
    _get_lc_time                              - Undefined Weak Reference
    _getenv_init                              - Undefined Weak Reference
    _handle_redirection                       - Undefined Weak Reference
    _init_alloc                               - Undefined Weak Reference
    _init_user_alloc                          - Undefined Weak Reference
    _initio                                   - Undefined Weak Reference
    _printf_post_padding                      - Undefined Weak Reference
    _printf_pre_padding                       - Undefined Weak Reference
    _rand_init                                - Undefined Weak Reference
    _signal_finish                            - Undefined Weak Reference
    _signal_init                              - Undefined Weak Reference
    _terminate_alloc                          - Undefined Weak Reference
    _terminate_user_alloc                     - Undefined Weak Reference
    _terminateio                              - Undefined Weak Reference
    __Vectors_Size                           0x000002cc   Number         0  startup_stm32h723xx.o ABSOLUTE
    __Vectors                                0x08000000   Data           4  startup_stm32h723xx.o(RESET)
    __Vectors_End                            0x080002cc   Data           0  startup_stm32h723xx.o(RESET)
    __main                                   0x080002cd   Thumb Code     8  __main.o(!!!main)
    __scatterload                            0x080002d5   Thumb Code     0  __scatter.o(!!!scatter)
    __scatterload_rt2                        0x080002d5   Thumb Code    44  __scatter.o(!!!scatter)
    __scatterload_rt2_thumb_only             0x080002d5   Thumb Code     0  __scatter.o(!!!scatter)
    __scatterload_null                       0x080002e3   Thumb Code     0  __scatter.o(!!!scatter)
    __scatterload_copy                       0x08000309   Thumb Code    26  __scatter_copy.o(!!handler_copy)
    __scatterload_zeroinit                   0x08000325   Thumb Code    28  __scatter_zi.o(!!handler_zi)
    _printf_f                                0x08000341   Thumb Code     0  _printf_f.o(.ARM.Collect$$_printf_percent$$00000003)
    _printf_percent                          0x08000341   Thumb Code     0  _printf_percent.o(.ARM.Collect$$_printf_percent$$00000000)
    _printf_percent_end                      0x08000347   Thumb Code     0  _printf_percent_end.o(.ARM.Collect$$_printf_percent$$00000017)
    __rt_lib_init                            0x0800034b   Thumb Code     0  libinit.o(.ARM.Collect$$libinit$$00000000)
    __rt_lib_init_fp_1                       0x0800034d   Thumb Code     0  libinit2.o(.ARM.Collect$$libinit$$00000001)
    __rt_lib_init_heap_1                     0x08000351   Thumb Code     0  libinit2.o(.ARM.Collect$$libinit$$0000000A)
    __rt_lib_init_lc_common                  0x08000351   Thumb Code     0  libinit2.o(.ARM.Collect$$libinit$$0000000F)
    __rt_lib_init_preinit_1                  0x08000351   Thumb Code     0  libinit2.o(.ARM.Collect$$libinit$$00000004)
    __rt_lib_init_rand_1                     0x08000351   Thumb Code     0  libinit2.o(.ARM.Collect$$libinit$$0000000E)
    __rt_lib_init_user_alloc_1               0x08000351   Thumb Code     0  libinit2.o(.ARM.Collect$$libinit$$0000000C)
    __rt_lib_init_lc_collate_1               0x08000357   Thumb Code     0  libinit2.o(.ARM.Collect$$libinit$$00000011)
    __rt_lib_init_lc_ctype_1                 0x08000357   Thumb Code     0  libinit2.o(.ARM.Collect$$libinit$$00000013)
    __rt_lib_init_lc_monetary_1              0x08000357   Thumb Code     0  libinit2.o(.ARM.Collect$$libinit$$00000015)
    __rt_lib_init_lc_numeric_2               0x08000357   Thumb Code     0  libinit2.o(.ARM.Collect$$libinit$$00000016)
    __rt_lib_init_alloca_1                   0x08000361   Thumb Code     0  libinit2.o(.ARM.Collect$$libinit$$0000002E)
    __rt_lib_init_argv_1                     0x08000361   Thumb Code     0  libinit2.o(.ARM.Collect$$libinit$$0000002C)
    __rt_lib_init_atexit_1                   0x08000361   Thumb Code     0  libinit2.o(.ARM.Collect$$libinit$$0000001B)
    __rt_lib_init_clock_1                    0x08000361   Thumb Code     0  libinit2.o(.ARM.Collect$$libinit$$00000021)
    __rt_lib_init_cpp_1                      0x08000361   Thumb Code     0  libinit2.o(.ARM.Collect$$libinit$$00000032)
    __rt_lib_init_exceptions_1               0x08000361   Thumb Code     0  libinit2.o(.ARM.Collect$$libinit$$00000030)
    __rt_lib_init_fp_trap_1                  0x08000361   Thumb Code     0  libinit2.o(.ARM.Collect$$libinit$$0000001F)
    __rt_lib_init_getenv_1                   0x08000361   Thumb Code     0  libinit2.o(.ARM.Collect$$libinit$$00000023)
    __rt_lib_init_lc_numeric_1               0x08000361   Thumb Code     0  libinit2.o(.ARM.Collect$$libinit$$00000017)
    __rt_lib_init_lc_time_1                  0x08000361   Thumb Code     0  libinit2.o(.ARM.Collect$$libinit$$00000019)
    __rt_lib_init_return                     0x08000361   Thumb Code     0  libinit2.o(.ARM.Collect$$libinit$$00000033)
    __rt_lib_init_signal_1                   0x08000361   Thumb Code     0  libinit2.o(.ARM.Collect$$libinit$$0000001D)
    __rt_lib_init_stdio_1                    0x08000361   Thumb Code     0  libinit2.o(.ARM.Collect$$libinit$$00000025)
    __rt_lib_shutdown                        0x08000363   Thumb Code     0  libshutdown.o(.ARM.Collect$$libshutdown$$00000000)
    __rt_lib_shutdown_cpp_1                  0x08000365   Thumb Code     0  libshutdown2.o(.ARM.Collect$$libshutdown$$00000002)
    __rt_lib_shutdown_fp_trap_1              0x08000365   Thumb Code     0  libshutdown2.o(.ARM.Collect$$libshutdown$$00000007)
    __rt_lib_shutdown_heap_1                 0x08000365   Thumb Code     0  libshutdown2.o(.ARM.Collect$$libshutdown$$0000000F)
    __rt_lib_shutdown_return                 0x08000365   Thumb Code     0  libshutdown2.o(.ARM.Collect$$libshutdown$$00000010)
    __rt_lib_shutdown_signal_1               0x08000365   Thumb Code     0  libshutdown2.o(.ARM.Collect$$libshutdown$$0000000A)
    __rt_lib_shutdown_stdio_1                0x08000365   Thumb Code     0  libshutdown2.o(.ARM.Collect$$libshutdown$$00000004)
    __rt_lib_shutdown_user_alloc_1           0x08000365   Thumb Code     0  libshutdown2.o(.ARM.Collect$$libshutdown$$0000000C)
    __rt_entry                               0x08000367   Thumb Code     0  __rtentry.o(.ARM.Collect$$rtentry$$00000000)
    __rt_entry_presh_1                       0x08000367   Thumb Code     0  __rtentry2.o(.ARM.Collect$$rtentry$$00000002)
    __rt_entry_sh                            0x08000367   Thumb Code     0  __rtentry4.o(.ARM.Collect$$rtentry$$00000004)
    __rt_entry_li                            0x0800036d   Thumb Code     0  __rtentry2.o(.ARM.Collect$$rtentry$$0000000A)
    __rt_entry_postsh_1                      0x0800036d   Thumb Code     0  __rtentry2.o(.ARM.Collect$$rtentry$$00000009)
    __rt_entry_main                          0x08000371   Thumb Code     0  __rtentry2.o(.ARM.Collect$$rtentry$$0000000D)
    __rt_entry_postli_1                      0x08000371   Thumb Code     0  __rtentry2.o(.ARM.Collect$$rtentry$$0000000C)
    __rt_exit                                0x08000379   Thumb Code     0  rtexit.o(.ARM.Collect$$rtexit$$00000000)
    __rt_exit_ls                             0x0800037b   Thumb Code     0  rtexit2.o(.ARM.Collect$$rtexit$$00000003)
    __rt_exit_prels_1                        0x0800037b   Thumb Code     0  rtexit2.o(.ARM.Collect$$rtexit$$00000002)
    __rt_exit_exit                           0x0800037f   Thumb Code     0  rtexit2.o(.ARM.Collect$$rtexit$$00000004)
    Reset_Handler                            0x08000385   Thumb Code    12  startup_stm32h723xx.o(.text)
    ADC3_IRQHandler                          0x080003a3   Thumb Code     0  startup_stm32h723xx.o(.text)
    ADC_IRQHandler                           0x080003a3   Thumb Code     0  startup_stm32h723xx.o(.text)
    BDMA_Channel0_IRQHandler                 0x080003a3   Thumb Code     0  startup_stm32h723xx.o(.text)
    BDMA_Channel1_IRQHandler                 0x080003a3   Thumb Code     0  startup_stm32h723xx.o(.text)
    BDMA_Channel2_IRQHandler                 0x080003a3   Thumb Code     0  startup_stm32h723xx.o(.text)
    BDMA_Channel3_IRQHandler                 0x080003a3   Thumb Code     0  startup_stm32h723xx.o(.text)
    BDMA_Channel4_IRQHandler                 0x080003a3   Thumb Code     0  startup_stm32h723xx.o(.text)
    BDMA_Channel5_IRQHandler                 0x080003a3   Thumb Code     0  startup_stm32h723xx.o(.text)
    BDMA_Channel6_IRQHandler                 0x080003a3   Thumb Code     0  startup_stm32h723xx.o(.text)
    BDMA_Channel7_IRQHandler                 0x080003a3   Thumb Code     0  startup_stm32h723xx.o(.text)
    CEC_IRQHandler                           0x080003a3   Thumb Code     0  startup_stm32h723xx.o(.text)
    COMP1_IRQHandler                         0x080003a3   Thumb Code     0  startup_stm32h723xx.o(.text)
    CORDIC_IRQHandler                        0x080003a3   Thumb Code     0  startup_stm32h723xx.o(.text)
    CRS_IRQHandler                           0x080003a3   Thumb Code     0  startup_stm32h723xx.o(.text)
    DCMI_PSSI_IRQHandler                     0x080003a3   Thumb Code     0  startup_stm32h723xx.o(.text)
    DFSDM1_FLT0_IRQHandler                   0x080003a3   Thumb Code     0  startup_stm32h723xx.o(.text)
    DFSDM1_FLT1_IRQHandler                   0x080003a3   Thumb Code     0  startup_stm32h723xx.o(.text)
    DFSDM1_FLT2_IRQHandler                   0x080003a3   Thumb Code     0  startup_stm32h723xx.o(.text)
    DFSDM1_FLT3_IRQHandler                   0x080003a3   Thumb Code     0  startup_stm32h723xx.o(.text)
    DMA1_Stream0_IRQHandler                  0x080003a3   Thumb Code     0  startup_stm32h723xx.o(.text)
    DMA1_Stream1_IRQHandler                  0x080003a3   Thumb Code     0  startup_stm32h723xx.o(.text)
    DMA1_Stream2_IRQHandler                  0x080003a3   Thumb Code     0  startup_stm32h723xx.o(.text)
    DMA1_Stream3_IRQHandler                  0x080003a3   Thumb Code     0  startup_stm32h723xx.o(.text)
    DMA1_Stream4_IRQHandler                  0x080003a3   Thumb Code     0  startup_stm32h723xx.o(.text)
    DMA1_Stream5_IRQHandler                  0x080003a3   Thumb Code     0  startup_stm32h723xx.o(.text)
    DMA1_Stream6_IRQHandler                  0x080003a3   Thumb Code     0  startup_stm32h723xx.o(.text)
    DMA1_Stream7_IRQHandler                  0x080003a3   Thumb Code     0  startup_stm32h723xx.o(.text)
    DMA2D_IRQHandler                         0x080003a3   Thumb Code     0  startup_stm32h723xx.o(.text)
    DMA2_Stream0_IRQHandler                  0x080003a3   Thumb Code     0  startup_stm32h723xx.o(.text)
    DMA2_Stream1_IRQHandler                  0x080003a3   Thumb Code     0  startup_stm32h723xx.o(.text)
    DMA2_Stream2_IRQHandler                  0x080003a3   Thumb Code     0  startup_stm32h723xx.o(.text)
    DMA2_Stream3_IRQHandler                  0x080003a3   Thumb Code     0  startup_stm32h723xx.o(.text)
    DMA2_Stream4_IRQHandler                  0x080003a3   Thumb Code     0  startup_stm32h723xx.o(.text)
    DMA2_Stream5_IRQHandler                  0x080003a3   Thumb Code     0  startup_stm32h723xx.o(.text)
    DMA2_Stream6_IRQHandler                  0x080003a3   Thumb Code     0  startup_stm32h723xx.o(.text)
    DMA2_Stream7_IRQHandler                  0x080003a3   Thumb Code     0  startup_stm32h723xx.o(.text)
    DMAMUX1_OVR_IRQHandler                   0x080003a3   Thumb Code     0  startup_stm32h723xx.o(.text)
    DMAMUX2_OVR_IRQHandler                   0x080003a3   Thumb Code     0  startup_stm32h723xx.o(.text)
    DTS_IRQHandler                           0x080003a3   Thumb Code     0  startup_stm32h723xx.o(.text)
    ECC_IRQHandler                           0x080003a3   Thumb Code     0  startup_stm32h723xx.o(.text)
    ETH_IRQHandler                           0x080003a3   Thumb Code     0  startup_stm32h723xx.o(.text)
    ETH_WKUP_IRQHandler                      0x080003a3   Thumb Code     0  startup_stm32h723xx.o(.text)
    EXTI0_IRQHandler                         0x080003a3   Thumb Code     0  startup_stm32h723xx.o(.text)
    EXTI15_10_IRQHandler                     0x080003a3   Thumb Code     0  startup_stm32h723xx.o(.text)
    EXTI1_IRQHandler                         0x080003a3   Thumb Code     0  startup_stm32h723xx.o(.text)
    EXTI2_IRQHandler                         0x080003a3   Thumb Code     0  startup_stm32h723xx.o(.text)
    EXTI3_IRQHandler                         0x080003a3   Thumb Code     0  startup_stm32h723xx.o(.text)
    EXTI4_IRQHandler                         0x080003a3   Thumb Code     0  startup_stm32h723xx.o(.text)
    EXTI9_5_IRQHandler                       0x080003a3   Thumb Code     0  startup_stm32h723xx.o(.text)
    FDCAN1_IT0_IRQHandler                    0x080003a3   Thumb Code     0  startup_stm32h723xx.o(.text)
    FDCAN1_IT1_IRQHandler                    0x080003a3   Thumb Code     0  startup_stm32h723xx.o(.text)
    FDCAN2_IT0_IRQHandler                    0x080003a3   Thumb Code     0  startup_stm32h723xx.o(.text)
    FDCAN2_IT1_IRQHandler                    0x080003a3   Thumb Code     0  startup_stm32h723xx.o(.text)
    FDCAN3_IT0_IRQHandler                    0x080003a3   Thumb Code     0  startup_stm32h723xx.o(.text)
    FDCAN3_IT1_IRQHandler                    0x080003a3   Thumb Code     0  startup_stm32h723xx.o(.text)
    FDCAN_CAL_IRQHandler                     0x080003a3   Thumb Code     0  startup_stm32h723xx.o(.text)
    FLASH_IRQHandler                         0x080003a3   Thumb Code     0  startup_stm32h723xx.o(.text)
    FMAC_IRQHandler                          0x080003a3   Thumb Code     0  startup_stm32h723xx.o(.text)
    FMC_IRQHandler                           0x080003a3   Thumb Code     0  startup_stm32h723xx.o(.text)
    FPU_IRQHandler                           0x080003a3   Thumb Code     0  startup_stm32h723xx.o(.text)
    HSEM1_IRQHandler                         0x080003a3   Thumb Code     0  startup_stm32h723xx.o(.text)
    I2C1_ER_IRQHandler                       0x080003a3   Thumb Code     0  startup_stm32h723xx.o(.text)
    I2C1_EV_IRQHandler                       0x080003a3   Thumb Code     0  startup_stm32h723xx.o(.text)
    I2C2_ER_IRQHandler                       0x080003a3   Thumb Code     0  startup_stm32h723xx.o(.text)
    I2C2_EV_IRQHandler                       0x080003a3   Thumb Code     0  startup_stm32h723xx.o(.text)
    I2C3_ER_IRQHandler                       0x080003a3   Thumb Code     0  startup_stm32h723xx.o(.text)
    I2C3_EV_IRQHandler                       0x080003a3   Thumb Code     0  startup_stm32h723xx.o(.text)
    I2C4_ER_IRQHandler                       0x080003a3   Thumb Code     0  startup_stm32h723xx.o(.text)
    I2C4_EV_IRQHandler                       0x080003a3   Thumb Code     0  startup_stm32h723xx.o(.text)
    I2C5_ER_IRQHandler                       0x080003a3   Thumb Code     0  startup_stm32h723xx.o(.text)
    I2C5_EV_IRQHandler                       0x080003a3   Thumb Code     0  startup_stm32h723xx.o(.text)
    LPTIM1_IRQHandler                        0x080003a3   Thumb Code     0  startup_stm32h723xx.o(.text)
    LPTIM2_IRQHandler                        0x080003a3   Thumb Code     0  startup_stm32h723xx.o(.text)
    LPTIM3_IRQHandler                        0x080003a3   Thumb Code     0  startup_stm32h723xx.o(.text)
    LPTIM4_IRQHandler                        0x080003a3   Thumb Code     0  startup_stm32h723xx.o(.text)
    LPTIM5_IRQHandler                        0x080003a3   Thumb Code     0  startup_stm32h723xx.o(.text)
    LPUART1_IRQHandler                       0x080003a3   Thumb Code     0  startup_stm32h723xx.o(.text)
    LTDC_ER_IRQHandler                       0x080003a3   Thumb Code     0  startup_stm32h723xx.o(.text)
    LTDC_IRQHandler                          0x080003a3   Thumb Code     0  startup_stm32h723xx.o(.text)
    MDIOS_IRQHandler                         0x080003a3   Thumb Code     0  startup_stm32h723xx.o(.text)
    MDIOS_WKUP_IRQHandler                    0x080003a3   Thumb Code     0  startup_stm32h723xx.o(.text)
    MDMA_IRQHandler                          0x080003a3   Thumb Code     0  startup_stm32h723xx.o(.text)
    OCTOSPI1_IRQHandler                      0x080003a3   Thumb Code     0  startup_stm32h723xx.o(.text)
    OCTOSPI2_IRQHandler                      0x080003a3   Thumb Code     0  startup_stm32h723xx.o(.text)
    OTG_HS_EP1_IN_IRQHandler                 0x080003a3   Thumb Code     0  startup_stm32h723xx.o(.text)
    OTG_HS_EP1_OUT_IRQHandler                0x080003a3   Thumb Code     0  startup_stm32h723xx.o(.text)
    OTG_HS_IRQHandler                        0x080003a3   Thumb Code     0  startup_stm32h723xx.o(.text)
    OTG_HS_WKUP_IRQHandler                   0x080003a3   Thumb Code     0  startup_stm32h723xx.o(.text)
    PVD_AVD_IRQHandler                       0x080003a3   Thumb Code     0  startup_stm32h723xx.o(.text)
    RCC_IRQHandler                           0x080003a3   Thumb Code     0  startup_stm32h723xx.o(.text)
    RNG_IRQHandler                           0x080003a3   Thumb Code     0  startup_stm32h723xx.o(.text)
    RTC_Alarm_IRQHandler                     0x080003a3   Thumb Code     0  startup_stm32h723xx.o(.text)
    RTC_WKUP_IRQHandler                      0x080003a3   Thumb Code     0  startup_stm32h723xx.o(.text)
    SAI1_IRQHandler                          0x080003a3   Thumb Code     0  startup_stm32h723xx.o(.text)
    SAI4_IRQHandler                          0x080003a3   Thumb Code     0  startup_stm32h723xx.o(.text)
    SDMMC1_IRQHandler                        0x080003a3   Thumb Code     0  startup_stm32h723xx.o(.text)
    SDMMC2_IRQHandler                        0x080003a3   Thumb Code     0  startup_stm32h723xx.o(.text)
    SPDIF_RX_IRQHandler                      0x080003a3   Thumb Code     0  startup_stm32h723xx.o(.text)
    SPI1_IRQHandler                          0x080003a3   Thumb Code     0  startup_stm32h723xx.o(.text)
    SPI2_IRQHandler                          0x080003a3   Thumb Code     0  startup_stm32h723xx.o(.text)
    SPI3_IRQHandler                          0x080003a3   Thumb Code     0  startup_stm32h723xx.o(.text)
    SPI4_IRQHandler                          0x080003a3   Thumb Code     0  startup_stm32h723xx.o(.text)
    SPI5_IRQHandler                          0x080003a3   Thumb Code     0  startup_stm32h723xx.o(.text)
    SPI6_IRQHandler                          0x080003a3   Thumb Code     0  startup_stm32h723xx.o(.text)
    SWPMI1_IRQHandler                        0x080003a3   Thumb Code     0  startup_stm32h723xx.o(.text)
    TAMP_STAMP_IRQHandler                    0x080003a3   Thumb Code     0  startup_stm32h723xx.o(.text)
    TIM15_IRQHandler                         0x080003a3   Thumb Code     0  startup_stm32h723xx.o(.text)
    TIM16_IRQHandler                         0x080003a3   Thumb Code     0  startup_stm32h723xx.o(.text)
    TIM17_IRQHandler                         0x080003a3   Thumb Code     0  startup_stm32h723xx.o(.text)
    TIM1_BRK_IRQHandler                      0x080003a3   Thumb Code     0  startup_stm32h723xx.o(.text)
    TIM1_CC_IRQHandler                       0x080003a3   Thumb Code     0  startup_stm32h723xx.o(.text)
    TIM1_TRG_COM_IRQHandler                  0x080003a3   Thumb Code     0  startup_stm32h723xx.o(.text)
    TIM23_IRQHandler                         0x080003a3   Thumb Code     0  startup_stm32h723xx.o(.text)
    TIM24_IRQHandler                         0x080003a3   Thumb Code     0  startup_stm32h723xx.o(.text)
    TIM2_IRQHandler                          0x080003a3   Thumb Code     0  startup_stm32h723xx.o(.text)
    TIM3_IRQHandler                          0x080003a3   Thumb Code     0  startup_stm32h723xx.o(.text)
    TIM4_IRQHandler                          0x080003a3   Thumb Code     0  startup_stm32h723xx.o(.text)
    TIM5_IRQHandler                          0x080003a3   Thumb Code     0  startup_stm32h723xx.o(.text)
    TIM6_DAC_IRQHandler                      0x080003a3   Thumb Code     0  startup_stm32h723xx.o(.text)
    TIM7_IRQHandler                          0x080003a3   Thumb Code     0  startup_stm32h723xx.o(.text)
    TIM8_BRK_TIM12_IRQHandler                0x080003a3   Thumb Code     0  startup_stm32h723xx.o(.text)
    TIM8_CC_IRQHandler                       0x080003a3   Thumb Code     0  startup_stm32h723xx.o(.text)
    TIM8_TRG_COM_TIM14_IRQHandler            0x080003a3   Thumb Code     0  startup_stm32h723xx.o(.text)
    UART4_IRQHandler                         0x080003a3   Thumb Code     0  startup_stm32h723xx.o(.text)
    UART5_IRQHandler                         0x080003a3   Thumb Code     0  startup_stm32h723xx.o(.text)
    UART7_IRQHandler                         0x080003a3   Thumb Code     0  startup_stm32h723xx.o(.text)
    UART8_IRQHandler                         0x080003a3   Thumb Code     0  startup_stm32h723xx.o(.text)
    UART9_IRQHandler                         0x080003a3   Thumb Code     0  startup_stm32h723xx.o(.text)
    USART10_IRQHandler                       0x080003a3   Thumb Code     0  startup_stm32h723xx.o(.text)
    USART1_IRQHandler                        0x080003a3   Thumb Code     0  startup_stm32h723xx.o(.text)
    USART2_IRQHandler                        0x080003a3   Thumb Code     0  startup_stm32h723xx.o(.text)
    USART3_IRQHandler                        0x080003a3   Thumb Code     0  startup_stm32h723xx.o(.text)
    USART6_IRQHandler                        0x080003a3   Thumb Code     0  startup_stm32h723xx.o(.text)
    WAKEUP_PIN_IRQHandler                    0x080003a3   Thumb Code     0  startup_stm32h723xx.o(.text)
    WWDG_IRQHandler                          0x080003a3   Thumb Code     0  startup_stm32h723xx.o(.text)
    __user_initial_stackheap                 0x080003a5   Thumb Code     0  startup_stm32h723xx.o(.text)
    __aeabi_uldivmod                         0x080003cd   Thumb Code     0  lludivv7m.o(.text)
    _ll_udiv                                 0x080003cd   Thumb Code   238  lludivv7m.o(.text)
    __2sprintf                               0x080004bd   Thumb Code    38  __2sprintf.o(.text)
    __printf                                 0x080004e9   Thumb Code   270  __printf_wp.o(.text)
    __aeabi_memcpy4                          0x080005f7   Thumb Code     0  rt_memcpy_w.o(.text)
    __aeabi_memcpy8                          0x080005f7   Thumb Code     0  rt_memcpy_w.o(.text)
    __rt_memcpy_w                            0x080005f7   Thumb Code   100  rt_memcpy_w.o(.text)
    _memcpy_lastbytes_aligned                0x0800063f   Thumb Code     0  rt_memcpy_w.o(.text)
    __aeabi_memclr4                          0x0800065b   Thumb Code     0  rt_memclr_w.o(.text)
    __aeabi_memclr8                          0x0800065b   Thumb Code     0  rt_memclr_w.o(.text)
    __rt_memclr_w                            0x0800065b   Thumb Code    78  rt_memclr_w.o(.text)
    _memset_w                                0x0800065f   Thumb Code     0  rt_memclr_w.o(.text)
    __use_two_region_memory                  0x080006a9   Thumb Code     2  heapauxi.o(.text)
    __rt_heap_escrow$2region                 0x080006ab   Thumb Code     2  heapauxi.o(.text)
    __rt_heap_expand$2region                 0x080006ad   Thumb Code     2  heapauxi.o(.text)
    __read_errno                             0x080006af   Thumb Code    10  _rserrno.o(.text)
    __set_errno                              0x080006b9   Thumb Code    12  _rserrno.o(.text)
    __lib_sel_fp_printf                      0x080006c5   Thumb Code     2  _printf_fp_dec.o(.text)
    _printf_fp_dec_real                      0x08000877   Thumb Code   620  _printf_fp_dec.o(.text)
    _printf_char_common                      0x08000aef   Thumb Code    32  _printf_char_common.o(.text)
    _sputc                                   0x08000b15   Thumb Code    10  _sputc.o(.text)
    __rt_locale                              0x08000b21   Thumb Code     8  rt_locale_intlibspace.o(.text)
    __aeabi_errno_addr                       0x08000b29   Thumb Code     8  rt_errno_addr_intlibspace.o(.text)
    __errno$intlibspace                      0x08000b29   Thumb Code     0  rt_errno_addr_intlibspace.o(.text)
    __rt_errno_addr$intlibspace              0x08000b29   Thumb Code     0  rt_errno_addr_intlibspace.o(.text)
    _ll_udiv10                               0x08000b31   Thumb Code   138  lludiv10.o(.text)
    _printf_fp_infnan                        0x08000bbd   Thumb Code   112  _printf_fp_infnan.o(.text)
    _btod_etento                             0x08000c3d   Thumb Code   224  bigflt0.o(.text)
    __user_libspace                          0x08000d21   Thumb Code     8  libspace.o(.text)
    __user_perproc_libspace                  0x08000d21   Thumb Code     0  libspace.o(.text)
    __user_perthread_libspace                0x08000d21   Thumb Code     0  libspace.o(.text)
    __user_setup_stackheap                   0x08000d29   Thumb Code    74  sys_stackheap_outer.o(.text)
    exit                                     0x08000d73   Thumb Code    18  exit.o(.text)
    strcmp                                   0x08000d85   Thumb Code   104  strcmpv7m_pel.o(.text)
    _sys_exit                                0x08000ded   Thumb Code     8  sys_exit.o(.text)
    __I$use$semihosting                      0x08000df9   Thumb Code     0  use_no_semi.o(.text)
    __use_no_semihosting_swi                 0x08000df9   Thumb Code     2  use_no_semi.o(.text)
    __semihosting_library_function           0x08000dfb   Thumb Code     0  indicate_semi.o(.text)
    _btod_d2e                                0x08000dfb   Thumb Code    62  btod.o(CL$$btod_d2e)
    _d2e_denorm_low                          0x08000e39   Thumb Code    70  btod.o(CL$$btod_d2e_denorm_low)
    _d2e_norm_op1                            0x08000e7f   Thumb Code    96  btod.o(CL$$btod_d2e_norm_op1)
    __btod_div_common                        0x08000edf   Thumb Code   696  btod.o(CL$$btod_div_common)
    _e2e                                     0x08001217   Thumb Code   220  btod.o(CL$$btod_e2e)
    _btod_ediv                               0x080012f3   Thumb Code    42  btod.o(CL$$btod_ediv)
    _btod_emul                               0x0800131d   Thumb Code    42  btod.o(CL$$btod_emul)
    __btod_mult_common                       0x08001347   Thumb Code   580  btod.o(CL$$btod_mult_common)
    ADC_ConfigureBoostMode                   0x0800158d   Thumb Code   204  stm32h7xx_hal_adc.o(i.ADC_ConfigureBoostMode)
    ADC_DMAConvCplt                          0x08001671   Thumb Code   104  stm32h7xx_hal_adc.o(i.ADC_DMAConvCplt)
    ADC_DMAError                             0x080016d9   Thumb Code    26  stm32h7xx_hal_adc.o(i.ADC_DMAError)
    ADC_DMAHalfConvCplt                      0x080016f3   Thumb Code    10  stm32h7xx_hal_adc.o(i.ADC_DMAHalfConvCplt)
    ADC_Disable                              0x080016fd   Thumb Code   106  stm32h7xx_hal_adc.o(i.ADC_Disable)
    ADC_Enable                               0x0800176d   Thumb Code   148  stm32h7xx_hal_adc.o(i.ADC_Enable)
    BEMF_Observer                            0x08001815   Thumb Code   420  smo.o(i.BEMF_Observer)
    BusFault_Handler                         0x080019f5   Thumb Code     2  stm32h7xx_it.o(i.BusFault_Handler)
    DebugMon_Handler                         0x08001e31   Thumb Code     2  stm32h7xx_it.o(i.DebugMon_Handler)
    Error_Handler                            0x08001e33   Thumb Code     4  main.o(i.Error_Handler)
    ExitRun0Mode                             0x08001e39   Thumb Code    22  system_stm32h7xx.o(i.ExitRun0Mode)
    FOC_Clark_Transform                      0x08001e55   Thumb Code    50  foc_math.o(i.FOC_Clark_Transform)
    FOC_InvPark_Transform                    0x08001e8d   Thumb Code    70  foc_math.o(i.FOC_InvPark_Transform)
    FOC_Motor_Cali_Offset                    0x08001ed3   Thumb Code    94  foc_math.o(i.FOC_Motor_Cali_Offset)
    FOC_PI_Regulator                         0x08001f31   Thumb Code   128  foc_math.o(i.FOC_PI_Regulator)
    FOC_Park_Transform                       0x08001fb1   Thumb Code    70  foc_math.o(i.FOC_Park_Transform)
    FOC_SVPWM_Generate                       0x08001ff9   Thumb Code   484  foc_math.o(i.FOC_SVPWM_Generate)
    Foc_Close_Loop                           0x080021f5   Thumb Code   630  foc.o(i.Foc_Close_Loop)
    Foc_Init                                 0x08002495   Thumb Code    70  foc.o(i.Foc_Init)
    Foc_Loop                                 0x080024e1   Thumb Code   168  foc.o(i.Foc_Loop)
    Foc_Open_Loop                            0x08002599   Thumb Code   254  foc.o(i.Foc_Open_Loop)
    Foc_ParamInit                            0x080026bd   Thumb Code   156  foc.o(i.Foc_ParamInit)
    HAL_ADCEx_Calibration_Start              0x08002761   Thumb Code   146  stm32h7xx_hal_adc_ex.o(i.HAL_ADCEx_Calibration_Start)
    HAL_ADCEx_MultiModeConfigChannel         0x080027fd   Thumb Code   274  stm32h7xx_hal_adc_ex.o(i.HAL_ADCEx_MultiModeConfigChannel)
    HAL_ADC_ConfigChannel                    0x08002925   Thumb Code  1518  stm32h7xx_hal_adc.o(i.HAL_ADC_ConfigChannel)
    HAL_ADC_ConvCpltCallback                 0x08002f59   Thumb Code     2  stm32h7xx_hal_adc.o(i.HAL_ADC_ConvCpltCallback)
    HAL_ADC_ConvHalfCpltCallback             0x08002f5b   Thumb Code     2  stm32h7xx_hal_adc.o(i.HAL_ADC_ConvHalfCpltCallback)
    HAL_ADC_ErrorCallback                    0x08002f5d   Thumb Code     2  stm32h7xx_hal_adc.o(i.HAL_ADC_ErrorCallback)
    HAL_ADC_Init                             0x08002f61   Thumb Code   622  stm32h7xx_hal_adc.o(i.HAL_ADC_Init)
    HAL_ADC_MspInit                          0x08003209   Thumb Code   290  adc.o(i.HAL_ADC_MspInit)
    HAL_ADC_Start_DMA                        0x08003351   Thumb Code   264  stm32h7xx_hal_adc.o(i.HAL_ADC_Start_DMA)
    HAL_DMA_Init                             0x0800347d   Thumb Code   922  stm32h7xx_hal_dma.o(i.HAL_DMA_Init)
    HAL_DMA_Start_IT                         0x08003839   Thumb Code   628  stm32h7xx_hal_dma.o(i.HAL_DMA_Start_IT)
    HAL_Delay                                0x08003ad5   Thumb Code    32  stm32h7xx_hal.o(i.HAL_Delay)
    HAL_GPIO_Init                            0x08003af9   Thumb Code   496  stm32h7xx_hal_gpio.o(i.HAL_GPIO_Init)
    HAL_GPIO_WritePin                        0x08003d15   Thumb Code    10  stm32h7xx_hal_gpio.o(i.HAL_GPIO_WritePin)
    HAL_GetTick                              0x08003d21   Thumb Code     6  stm32h7xx_hal.o(i.HAL_GetTick)
    HAL_IncTick                              0x08003d2d   Thumb Code    12  stm32h7xx_hal.o(i.HAL_IncTick)
    HAL_Init                                 0x08003d3d   Thumb Code    74  stm32h7xx_hal.o(i.HAL_Init)
    HAL_InitTick                             0x08003d99   Thumb Code    56  stm32h7xx_hal.o(i.HAL_InitTick)
    HAL_MPU_ConfigRegion                     0x08003dd9   Thumb Code    86  stm32h7xx_hal_cortex.o(i.HAL_MPU_ConfigRegion)
    HAL_MPU_Disable                          0x08003e35   Thumb Code    24  stm32h7xx_hal_cortex.o(i.HAL_MPU_Disable)
    HAL_MPU_Enable                           0x08003e51   Thumb Code    30  stm32h7xx_hal_cortex.o(i.HAL_MPU_Enable)
    HAL_MspInit                              0x08003e75   Thumb Code    22  stm32h7xx_hal_msp.o(i.HAL_MspInit)
    HAL_NVIC_EnableIRQ                       0x08003e91   Thumb Code    26  stm32h7xx_hal_cortex.o(i.HAL_NVIC_EnableIRQ)
    HAL_NVIC_SetPriority                     0x08003ead   Thumb Code    60  stm32h7xx_hal_cortex.o(i.HAL_NVIC_SetPriority)
    HAL_NVIC_SetPriorityGrouping             0x08003eed   Thumb Code    28  stm32h7xx_hal_cortex.o(i.HAL_NVIC_SetPriorityGrouping)
    HAL_PWREx_ConfigSupply                   0x08003f11   Thumb Code    78  stm32h7xx_hal_pwr_ex.o(i.HAL_PWREx_ConfigSupply)
    HAL_RCCEx_GetD3PCLK1Freq                 0x08003f65   Thumb Code    26  stm32h7xx_hal_rcc_ex.o(i.HAL_RCCEx_GetD3PCLK1Freq)
    HAL_RCCEx_GetPLL1ClockFreq               0x08003f89   Thumb Code   298  stm32h7xx_hal_rcc_ex.o(i.HAL_RCCEx_GetPLL1ClockFreq)
    HAL_RCCEx_GetPLL2ClockFreq               0x080040d1   Thumb Code   296  stm32h7xx_hal_rcc_ex.o(i.HAL_RCCEx_GetPLL2ClockFreq)
    HAL_RCCEx_GetPLL3ClockFreq               0x08004215   Thumb Code   296  stm32h7xx_hal_rcc_ex.o(i.HAL_RCCEx_GetPLL3ClockFreq)
    HAL_RCCEx_GetPeriphCLKFreq               0x08004359   Thumb Code   648  stm32h7xx_hal_rcc_ex.o(i.HAL_RCCEx_GetPeriphCLKFreq)
    HAL_RCCEx_PeriphCLKConfig                0x080045f5   Thumb Code  2362  stm32h7xx_hal_rcc_ex.o(i.HAL_RCCEx_PeriphCLKConfig)
    HAL_RCC_ClockConfig                      0x08004f31   Thumb Code   580  stm32h7xx_hal_rcc.o(i.HAL_RCC_ClockConfig)
    HAL_RCC_GetHCLKFreq                      0x0800518d   Thumb Code    52  stm32h7xx_hal_rcc.o(i.HAL_RCC_GetHCLKFreq)
    HAL_RCC_GetPCLK1Freq                     0x080051d1   Thumb Code    26  stm32h7xx_hal_rcc.o(i.HAL_RCC_GetPCLK1Freq)
    HAL_RCC_GetPCLK2Freq                     0x080051f5   Thumb Code    26  stm32h7xx_hal_rcc.o(i.HAL_RCC_GetPCLK2Freq)
    HAL_RCC_GetSysClockFreq                  0x08005219   Thumb Code   278  stm32h7xx_hal_rcc.o(i.HAL_RCC_GetSysClockFreq)
    HAL_RCC_OscConfig                        0x08005351   Thumb Code  1318  stm32h7xx_hal_rcc.o(i.HAL_RCC_OscConfig)
    HAL_SYSTICK_Config                       0x08005877   Thumb Code    38  stm32h7xx_hal_cortex.o(i.HAL_SYSTICK_Config)
    HAL_TIMEx_Break2Callback                 0x0800589d   Thumb Code     2  stm32h7xx_hal_tim_ex.o(i.HAL_TIMEx_Break2Callback)
    HAL_TIMEx_BreakCallback                  0x0800589f   Thumb Code     2  stm32h7xx_hal_tim_ex.o(i.HAL_TIMEx_BreakCallback)
    HAL_TIMEx_CommutCallback                 0x080058a1   Thumb Code     2  stm32h7xx_hal_tim_ex.o(i.HAL_TIMEx_CommutCallback)
    HAL_TIMEx_ConfigBreakDeadTime            0x080058a5   Thumb Code   150  stm32h7xx_hal_tim_ex.o(i.HAL_TIMEx_ConfigBreakDeadTime)
    HAL_TIMEx_MasterConfigSynchronization    0x08005945   Thumb Code   146  stm32h7xx_hal_tim_ex.o(i.HAL_TIMEx_MasterConfigSynchronization)
    HAL_TIM_Base_Init                        0x080059fd   Thumb Code    98  stm32h7xx_hal_tim.o(i.HAL_TIM_Base_Init)
    HAL_TIM_Base_MspInit                     0x08005a61   Thumb Code    86  tim.o(i.HAL_TIM_Base_MspInit)
    HAL_TIM_Base_Start_IT                    0x08005ac5   Thumb Code   118  stm32h7xx_hal_tim.o(i.HAL_TIM_Base_Start_IT)
    HAL_TIM_ConfigClockSource                0x08005b65   Thumb Code   248  stm32h7xx_hal_tim.o(i.HAL_TIM_ConfigClockSource)
    HAL_TIM_IC_CaptureCallback               0x08005c61   Thumb Code     2  stm32h7xx_hal_tim.o(i.HAL_TIM_IC_CaptureCallback)
    HAL_TIM_IRQHandler                       0x08005c63   Thumb Code   328  stm32h7xx_hal_tim.o(i.HAL_TIM_IRQHandler)
    HAL_TIM_MspPostInit                      0x08005dad   Thumb Code   118  tim.o(i.HAL_TIM_MspPostInit)
    HAL_TIM_OC_DelayElapsedCallback          0x08005e39   Thumb Code     2  stm32h7xx_hal_tim.o(i.HAL_TIM_OC_DelayElapsedCallback)
    HAL_TIM_PWM_ConfigChannel                0x08005e3b   Thumb Code   292  stm32h7xx_hal_tim.o(i.HAL_TIM_PWM_ConfigChannel)
    HAL_TIM_PWM_Init                         0x08005f5f   Thumb Code    98  stm32h7xx_hal_tim.o(i.HAL_TIM_PWM_Init)
    HAL_TIM_PWM_MspInit                      0x08005fc1   Thumb Code     2  stm32h7xx_hal_tim.o(i.HAL_TIM_PWM_MspInit)
    HAL_TIM_PWM_PulseFinishedCallback        0x08005fc3   Thumb Code     2  stm32h7xx_hal_tim.o(i.HAL_TIM_PWM_PulseFinishedCallback)
    HAL_TIM_PWM_Start                        0x08005fc5   Thumb Code   244  stm32h7xx_hal_tim.o(i.HAL_TIM_PWM_Start)
    HAL_TIM_PeriodElapsedCallback            0x080060e9   Thumb Code    60  main.o(i.HAL_TIM_PeriodElapsedCallback)
    HAL_TIM_TriggerCallback                  0x08006131   Thumb Code     2  stm32h7xx_hal_tim.o(i.HAL_TIM_TriggerCallback)
    HAL_UARTEx_DisableFifoMode               0x08006133   Thumb Code    64  stm32h7xx_hal_uart_ex.o(i.HAL_UARTEx_DisableFifoMode)
    HAL_UARTEx_SetRxFifoThreshold            0x08006173   Thumb Code    76  stm32h7xx_hal_uart_ex.o(i.HAL_UARTEx_SetRxFifoThreshold)
    HAL_UARTEx_SetTxFifoThreshold            0x080061bf   Thumb Code    76  stm32h7xx_hal_uart_ex.o(i.HAL_UARTEx_SetTxFifoThreshold)
    HAL_UART_Init                            0x0800620b   Thumb Code   106  stm32h7xx_hal_uart.o(i.HAL_UART_Init)
    HAL_UART_MspInit                         0x08006275   Thumb Code   142  usart.o(i.HAL_UART_MspInit)
    HAL_UART_Transmit                        0x08006311   Thumb Code   176  stm32h7xx_hal_uart.o(i.HAL_UART_Transmit)
    HardFault_Handler                        0x080063c1   Thumb Code     2  stm32h7xx_it.o(i.HardFault_Handler)
    MX_ADC1_Init                             0x08006411   Thumb Code   172  adc.o(i.MX_ADC1_Init)
    MX_ADC2_Init                             0x080064cd   Thumb Code   150  adc.o(i.MX_ADC2_Init)
    MX_DMA_Init                              0x08006575   Thumb Code    22  dma.o(i.MX_DMA_Init)
    MX_GPIO_Init                             0x08006591   Thumb Code   226  gpio.o(i.MX_GPIO_Init)
    MX_TIM1_Init                             0x08006685   Thumb Code   274  tim.o(i.MX_TIM1_Init)
    MX_TIM8_Init                             0x080067a1   Thumb Code   272  tim.o(i.MX_TIM8_Init)
    MX_USART10_UART_Init                     0x080068b9   Thumb Code    94  usart.o(i.MX_USART10_UART_Init)
    MemManage_Handler                        0x08006921   Thumb Code     2  stm32h7xx_it.o(i.MemManage_Handler)
    NMI_Handler                              0x08006923   Thumb Code     2  stm32h7xx_it.o(i.NMI_Handler)
    PendSV_Handler                           0x08006925   Thumb Code     2  stm32h7xx_it.o(i.PendSV_Handler)
    PeriphCommonClock_Config                 0x08006927   Thumb Code    64  main.o(i.PeriphCommonClock_Config)
    Print2_Motor_To_VOFA                     0x08006969   Thumb Code    44  main.o(i.Print2_Motor_To_VOFA)
    SVC_Handler                              0x08006be5   Thumb Code     2  stm32h7xx_it.o(i.SVC_Handler)
    SysTick_Handler                          0x08006be7   Thumb Code     4  stm32h7xx_it.o(i.SysTick_Handler)
    SystemClock_Config                       0x08006bed   Thumb Code   146  main.o(i.SystemClock_Config)
    SystemInit                               0x08006c85   Thumb Code   184  system_stm32h7xx.o(i.SystemInit)
    TIM1_UP_IRQHandler                       0x08006d5d   Thumb Code     6  stm32h7xx_it.o(i.TIM1_UP_IRQHandler)
    TIM8_UP_TIM13_IRQHandler                 0x08006d69   Thumb Code     6  stm32h7xx_it.o(i.TIM8_UP_TIM13_IRQHandler)
    TIM_Base_SetConfig                       0x08006d75   Thumb Code   182  stm32h7xx_hal_tim.o(i.TIM_Base_SetConfig)
    TIM_CCxChannelCmd                        0x08006e55   Thumb Code    26  stm32h7xx_hal_tim.o(i.TIM_CCxChannelCmd)
    TIM_ETR_SetConfig                        0x08006e6f   Thumb Code    18  stm32h7xx_hal_tim.o(i.TIM_ETR_SetConfig)
    TIM_OC2_SetConfig                        0x08006f39   Thumb Code   126  stm32h7xx_hal_tim.o(i.TIM_OC2_SetConfig)
    UART_AdvFeatureConfig                    0x08007255   Thumb Code   200  stm32h7xx_hal_uart.o(i.UART_AdvFeatureConfig)
    UART_CheckIdleState                      0x0800731d   Thumb Code   170  stm32h7xx_hal_uart.o(i.UART_CheckIdleState)
    UART_SetConfig                           0x0800741d   Thumb Code   914  stm32h7xx_hal_uart.o(i.UART_SetConfig)
    UART_WaitOnFlagUntilTimeout              0x080077f9   Thumb Code   148  stm32h7xx_hal_uart.o(i.UART_WaitOnFlagUntilTimeout)
    UsageFault_Handler                       0x0800788d   Thumb Code     2  stm32h7xx_it.o(i.UsageFault_Handler)
    __ARM_fpclassify                         0x0800788f   Thumb Code    48  fpclassify.o(i.__ARM_fpclassify)
    __ARM_fpclassifyf                        0x080078bf   Thumb Code    38  fpclassifyf.o(i.__ARM_fpclassifyf)
    __hardfp_cosf                            0x08007909   Thumb Code   276  cosf.o(i.__hardfp_cosf)
    __hardfp_fmaxf                           0x08007a59   Thumb Code    72  fmaxf.o(i.__hardfp_fmaxf)
    __hardfp_fminf                           0x08007aa1   Thumb Code    72  fminf.o(i.__hardfp_fminf)
    __hardfp_fmod                            0x08007ae9   Thumb Code   246  fmod.o(i.__hardfp_fmod)
    __hardfp_fmodf                           0x08007be5   Thumb Code   176  fmodf.o(i.__hardfp_fmodf)
    __hardfp_sinf                            0x08007c95   Thumb Code   344  sinf.o(i.__hardfp_sinf)
    __hardfp_sqrtf                           0x08007e29   Thumb Code    58  sqrtf.o(i.__hardfp_sqrtf)
    __mathlib_dbl_invalid                    0x08007e69   Thumb Code    10  dunder.o(i.__mathlib_dbl_invalid)
    __mathlib_flt_infnan                     0x08007e81   Thumb Code     6  funder.o(i.__mathlib_flt_infnan)
    __mathlib_flt_invalid                    0x08007e89   Thumb Code    10  funder.o(i.__mathlib_flt_invalid)
    __mathlib_flt_underflow                  0x08007e99   Thumb Code    10  funder.o(i.__mathlib_flt_underflow)
    __mathlib_rredf2                         0x08007ea9   Thumb Code   316  rredf.o(i.__mathlib_rredf2)
    _is_digit                                0x08007ffd   Thumb Code    14  __printf_wp.o(i._is_digit)
    main                                     0x080081c1   Thumb Code   184  main.o(i.main)
    _get_lc_numeric                          0x08008289   Thumb Code    44  lc_numeric_c.o(locale$$code)
    __fpl_dnaninf                            0x080082b5   Thumb Code   156  dnaninf.o(x$fpl$dnaninf)
    _drem                                    0x08008351   Thumb Code   328  drem_clz.o(x$fpl$drem)
    __fcmp4                                  0x080084a1   Thumb Code    24  fcmp4.o(x$fpl$fcmp4)
    __ARM_fcmp4                              0x080084b9   Thumb Code     0  fcmp4.o(x$fpl$fcmp4)
    _fcmp4                                   0x080084b9   Thumb Code    58  fcmp4.o(x$fpl$fcmp4)
    __fpl_fcmp_Inf                           0x080084f3   Thumb Code    24  fcmpi.o(x$fpl$fcmpinf)
    __fpl_fnaninf                            0x0800850b   Thumb Code   140  fnaninf.o(x$fpl$fnaninf)
    _fp_init                                 0x08008597   Thumb Code    10  fpinit.o(x$fpl$fpinit)
    __fplib_config_fpu_vfp                   0x0800859f   Thumb Code     0  fpinit.o(x$fpl$fpinit)
    __fplib_config_pureend_doubles           0x0800859f   Thumb Code     0  fpinit.o(x$fpl$fpinit)
    _frem                                    0x080085a1   Thumb Code   240  frem_clz.o(x$fpl$frem)
    _printf_fp_dec                           0x08008695   Thumb Code     4  printf1.o(x$fpl$printf1)
    __I$use$fp                               0x08008698   Number         0  usenofp.o(x$fpl$usenofp)
    UARTPrescTable                           0x080086a0   Data          24  stm32h7xx_hal_uart.o(.constdata)
    D1CorePrescTable                         0x080086c8   Data          16  system_stm32h7xx.o(.constdata)
    foc_hal                                  0x08008738   Data          32  user_foc_hal.o(.constdata)
    Region$$Table$$Base                      0x0800880c   Number         0  anon$$obj.o(Region$$Table)
    Region$$Table$$Limit                     0x0800882c   Number         0  anon$$obj.o(Region$$Table)
    adc2_buf                                 0x24000000   Data           4  main.o(.data)
    adc1_buf                                 0x24000004   Data           4  main.o(.data)
    uwTickFreq                               0x2400000c   Data           1  stm32h7xx_hal.o(.data)
    uwTickPrio                               0x24000010   Data           4  stm32h7xx_hal.o(.data)
    uwTick                                   0x24000014   Data           4  stm32h7xx_hal.o(.data)
    SystemCoreClock                          0x24000018   Data           4  system_stm32h7xx.o(.data)
    SystemD2Clock                            0x2400001c   Data           4  system_stm32h7xx.o(.data)
    angle_error                              0x24000020   Data           4  smo.o(.data)
    hadc1                                    0x24000024   Data         112  adc.o(.bss)
    hadc2                                    0x24000094   Data         112  adc.o(.bss)
    hdma_adc1                                0x24000104   Data         120  adc.o(.bss)
    hdma_adc2                                0x2400017c   Data         120  adc.o(.bss)
    htim1                                    0x240001f4   Data          76  tim.o(.bss)
    htim8                                    0x24000240   Data          76  tim.o(.bss)
    huart10                                  0x2400028c   Data         148  usart.o(.bss)
    FOC_Motor                                0x24000320   Data         948  foc.o(.bss)
    __libspace_start                         0x240006d4   Data          96  libspace.o(.bss)
    __temporary_stack_top$libspace           0x24000734   Data           0  libspace.o(.bss)



==============================================================================

Memory Map of the image

  Image Entry point : 0x080002cd

  Load Region LR_IROM1 (Base: 0x08000000, Size: 0x0000886c, Max: 0x00100000, ABSOLUTE)

    Execution Region ER_IROM1 (Exec base: 0x08000000, Load base: 0x08000000, Size: 0x00008848, Max: 0x00100000, ABSOLUTE)

    Exec Addr    Load Addr    Size         Type   Attr      Idx    E Section Name        Object

    0x08000000   0x08000000   0x000002cc   Data   RO            3    RESET               startup_stm32h723xx.o
    0x080002cc   0x080002cc   0x00000008   Code   RO         5250  * !!!main             c_w.l(__main.o)
    0x080002d4   0x080002d4   0x00000034   Code   RO         5594    !!!scatter          c_w.l(__scatter.o)
    0x08000308   0x08000308   0x0000001a   Code   RO         5596    !!handler_copy      c_w.l(__scatter_copy.o)
    0x08000322   0x08000322   0x00000002   PAD
    0x08000324   0x08000324   0x0000001c   Code   RO         5598    !!handler_zi        c_w.l(__scatter_zi.o)
    0x08000340   0x08000340   0x00000000   Code   RO         5243    .ARM.Collect$$_printf_percent$$00000000  c_w.l(_printf_percent.o)
    0x08000340   0x08000340   0x00000006   Code   RO         5242    .ARM.Collect$$_printf_percent$$00000003  c_w.l(_printf_f.o)
    0x08000346   0x08000346   0x00000004   Code   RO         5335    .ARM.Collect$$_printf_percent$$00000017  c_w.l(_printf_percent_end.o)
    0x0800034a   0x0800034a   0x00000002   Code   RO         5467    .ARM.Collect$$libinit$$00000000  c_w.l(libinit.o)
    0x0800034c   0x0800034c   0x00000004   Code   RO         5468    .ARM.Collect$$libinit$$00000001  c_w.l(libinit2.o)
    0x08000350   0x08000350   0x00000000   Code   RO         5471    .ARM.Collect$$libinit$$00000004  c_w.l(libinit2.o)
    0x08000350   0x08000350   0x00000000   Code   RO         5474    .ARM.Collect$$libinit$$0000000A  c_w.l(libinit2.o)
    0x08000350   0x08000350   0x00000000   Code   RO         5476    .ARM.Collect$$libinit$$0000000C  c_w.l(libinit2.o)
    0x08000350   0x08000350   0x00000000   Code   RO         5478    .ARM.Collect$$libinit$$0000000E  c_w.l(libinit2.o)
    0x08000350   0x08000350   0x00000006   Code   RO         5479    .ARM.Collect$$libinit$$0000000F  c_w.l(libinit2.o)
    0x08000356   0x08000356   0x00000000   Code   RO         5481    .ARM.Collect$$libinit$$00000011  c_w.l(libinit2.o)
    0x08000356   0x08000356   0x00000000   Code   RO         5483    .ARM.Collect$$libinit$$00000013  c_w.l(libinit2.o)
    0x08000356   0x08000356   0x00000000   Code   RO         5485    .ARM.Collect$$libinit$$00000015  c_w.l(libinit2.o)
    0x08000356   0x08000356   0x0000000a   Code   RO         5486    .ARM.Collect$$libinit$$00000016  c_w.l(libinit2.o)
    0x08000360   0x08000360   0x00000000   Code   RO         5487    .ARM.Collect$$libinit$$00000017  c_w.l(libinit2.o)
    0x08000360   0x08000360   0x00000000   Code   RO         5489    .ARM.Collect$$libinit$$00000019  c_w.l(libinit2.o)
    0x08000360   0x08000360   0x00000000   Code   RO         5491    .ARM.Collect$$libinit$$0000001B  c_w.l(libinit2.o)
    0x08000360   0x08000360   0x00000000   Code   RO         5493    .ARM.Collect$$libinit$$0000001D  c_w.l(libinit2.o)
    0x08000360   0x08000360   0x00000000   Code   RO         5495    .ARM.Collect$$libinit$$0000001F  c_w.l(libinit2.o)
    0x08000360   0x08000360   0x00000000   Code   RO         5497    .ARM.Collect$$libinit$$00000021  c_w.l(libinit2.o)
    0x08000360   0x08000360   0x00000000   Code   RO         5499    .ARM.Collect$$libinit$$00000023  c_w.l(libinit2.o)
    0x08000360   0x08000360   0x00000000   Code   RO         5501    .ARM.Collect$$libinit$$00000025  c_w.l(libinit2.o)
    0x08000360   0x08000360   0x00000000   Code   RO         5505    .ARM.Collect$$libinit$$0000002C  c_w.l(libinit2.o)
    0x08000360   0x08000360   0x00000000   Code   RO         5507    .ARM.Collect$$libinit$$0000002E  c_w.l(libinit2.o)
    0x08000360   0x08000360   0x00000000   Code   RO         5509    .ARM.Collect$$libinit$$00000030  c_w.l(libinit2.o)
    0x08000360   0x08000360   0x00000000   Code   RO         5511    .ARM.Collect$$libinit$$00000032  c_w.l(libinit2.o)
    0x08000360   0x08000360   0x00000002   Code   RO         5512    .ARM.Collect$$libinit$$00000033  c_w.l(libinit2.o)
    0x08000362   0x08000362   0x00000002   Code   RO         5559    .ARM.Collect$$libshutdown$$00000000  c_w.l(libshutdown.o)
    0x08000364   0x08000364   0x00000000   Code   RO         5577    .ARM.Collect$$libshutdown$$00000002  c_w.l(libshutdown2.o)
    0x08000364   0x08000364   0x00000000   Code   RO         5579    .ARM.Collect$$libshutdown$$00000004  c_w.l(libshutdown2.o)
    0x08000364   0x08000364   0x00000000   Code   RO         5582    .ARM.Collect$$libshutdown$$00000007  c_w.l(libshutdown2.o)
    0x08000364   0x08000364   0x00000000   Code   RO         5585    .ARM.Collect$$libshutdown$$0000000A  c_w.l(libshutdown2.o)
    0x08000364   0x08000364   0x00000000   Code   RO         5587    .ARM.Collect$$libshutdown$$0000000C  c_w.l(libshutdown2.o)
    0x08000364   0x08000364   0x00000000   Code   RO         5590    .ARM.Collect$$libshutdown$$0000000F  c_w.l(libshutdown2.o)
    0x08000364   0x08000364   0x00000002   Code   RO         5591    .ARM.Collect$$libshutdown$$00000010  c_w.l(libshutdown2.o)
    0x08000366   0x08000366   0x00000000   Code   RO         5322    .ARM.Collect$$rtentry$$00000000  c_w.l(__rtentry.o)
    0x08000366   0x08000366   0x00000000   Code   RO         5379    .ARM.Collect$$rtentry$$00000002  c_w.l(__rtentry2.o)
    0x08000366   0x08000366   0x00000006   Code   RO         5391    .ARM.Collect$$rtentry$$00000004  c_w.l(__rtentry4.o)
    0x0800036c   0x0800036c   0x00000000   Code   RO         5381    .ARM.Collect$$rtentry$$00000009  c_w.l(__rtentry2.o)
    0x0800036c   0x0800036c   0x00000004   Code   RO         5382    .ARM.Collect$$rtentry$$0000000A  c_w.l(__rtentry2.o)
    0x08000370   0x08000370   0x00000000   Code   RO         5384    .ARM.Collect$$rtentry$$0000000C  c_w.l(__rtentry2.o)
    0x08000370   0x08000370   0x00000008   Code   RO         5385    .ARM.Collect$$rtentry$$0000000D  c_w.l(__rtentry2.o)
    0x08000378   0x08000378   0x00000002   Code   RO         5513    .ARM.Collect$$rtexit$$00000000  c_w.l(rtexit.o)
    0x0800037a   0x0800037a   0x00000000   Code   RO         5528    .ARM.Collect$$rtexit$$00000002  c_w.l(rtexit2.o)
    0x0800037a   0x0800037a   0x00000004   Code   RO         5529    .ARM.Collect$$rtexit$$00000003  c_w.l(rtexit2.o)
    0x0800037e   0x0800037e   0x00000006   Code   RO         5530    .ARM.Collect$$rtexit$$00000004  c_w.l(rtexit2.o)
    0x08000384   0x08000384   0x00000048   Code   RO            4    .text               startup_stm32h723xx.o
    0x080003cc   0x080003cc   0x000000ee   Code   RO         5214    .text               c_w.l(lludivv7m.o)
    0x080004ba   0x080004ba   0x00000002   PAD
    0x080004bc   0x080004bc   0x0000002c   Code   RO         5216    .text               c_w.l(__2sprintf.o)
    0x080004e8   0x080004e8   0x0000010e   Code   RO         5230    .text               c_w.l(__printf_wp.o)
    0x080005f6   0x080005f6   0x00000064   Code   RO         5244    .text               c_w.l(rt_memcpy_w.o)
    0x0800065a   0x0800065a   0x0000004e   Code   RO         5246    .text               c_w.l(rt_memclr_w.o)
    0x080006a8   0x080006a8   0x00000006   Code   RO         5248    .text               c_w.l(heapauxi.o)
    0x080006ae   0x080006ae   0x00000016   Code   RO         5327    .text               c_w.l(_rserrno.o)
    0x080006c4   0x080006c4   0x0000041e   Code   RO         5329    .text               c_w.l(_printf_fp_dec.o)
    0x08000ae2   0x08000ae2   0x00000002   PAD
    0x08000ae4   0x08000ae4   0x00000030   Code   RO         5331    .text               c_w.l(_printf_char_common.o)
    0x08000b14   0x08000b14   0x0000000a   Code   RO         5333    .text               c_w.l(_sputc.o)
    0x08000b1e   0x08000b1e   0x00000002   PAD
    0x08000b20   0x08000b20   0x00000008   Code   RO         5398    .text               c_w.l(rt_locale_intlibspace.o)
    0x08000b28   0x08000b28   0x00000008   Code   RO         5403    .text               c_w.l(rt_errno_addr_intlibspace.o)
    0x08000b30   0x08000b30   0x0000008a   Code   RO         5405    .text               c_w.l(lludiv10.o)
    0x08000bba   0x08000bba   0x00000002   PAD
    0x08000bbc   0x08000bbc   0x00000080   Code   RO         5407    .text               c_w.l(_printf_fp_infnan.o)
    0x08000c3c   0x08000c3c   0x000000e4   Code   RO         5411    .text               c_w.l(bigflt0.o)
    0x08000d20   0x08000d20   0x00000008   Code   RO         5449    .text               c_w.l(libspace.o)
    0x08000d28   0x08000d28   0x0000004a   Code   RO         5452    .text               c_w.l(sys_stackheap_outer.o)
    0x08000d72   0x08000d72   0x00000012   Code   RO         5454    .text               c_w.l(exit.o)
    0x08000d84   0x08000d84   0x00000068   Code   RO         5460    .text               c_w.l(strcmpv7m_pel.o)
    0x08000dec   0x08000dec   0x0000000c   Code   RO         5525    .text               c_w.l(sys_exit.o)
    0x08000df8   0x08000df8   0x00000002   Code   RO         5546    .text               c_w.l(use_no_semi.o)
    0x08000dfa   0x08000dfa   0x00000000   Code   RO         5548    .text               c_w.l(indicate_semi.o)
    0x08000dfa   0x08000dfa   0x0000003e   Code   RO         5414    CL$$btod_d2e        c_w.l(btod.o)
    0x08000e38   0x08000e38   0x00000046   Code   RO         5416    CL$$btod_d2e_denorm_low  c_w.l(btod.o)
    0x08000e7e   0x08000e7e   0x00000060   Code   RO         5415    CL$$btod_d2e_norm_op1  c_w.l(btod.o)
    0x08000ede   0x08000ede   0x00000338   Code   RO         5424    CL$$btod_div_common  c_w.l(btod.o)
    0x08001216   0x08001216   0x000000dc   Code   RO         5421    CL$$btod_e2e        c_w.l(btod.o)
    0x080012f2   0x080012f2   0x0000002a   Code   RO         5418    CL$$btod_ediv       c_w.l(btod.o)
    0x0800131c   0x0800131c   0x0000002a   Code   RO         5417    CL$$btod_emul       c_w.l(btod.o)
    0x08001346   0x08001346   0x00000244   Code   RO         5423    CL$$btod_mult_common  c_w.l(btod.o)
    0x0800158a   0x0800158a   0x00000002   PAD
    0x0800158c   0x0800158c   0x000000e4   Code   RO          557    i.ADC_ConfigureBoostMode  stm32h7xx_hal_adc.o
    0x08001670   0x08001670   0x00000068   Code   RO          559    i.ADC_DMAConvCplt   stm32h7xx_hal_adc.o
    0x080016d8   0x080016d8   0x0000001a   Code   RO          560    i.ADC_DMAError      stm32h7xx_hal_adc.o
    0x080016f2   0x080016f2   0x0000000a   Code   RO          561    i.ADC_DMAHalfConvCplt  stm32h7xx_hal_adc.o
    0x080016fc   0x080016fc   0x00000070   Code   RO          562    i.ADC_Disable       stm32h7xx_hal_adc.o
    0x0800176c   0x0800176c   0x000000a8   Code   RO          563    i.ADC_Enable        stm32h7xx_hal_adc.o
    0x08001814   0x08001814   0x000001e0   Code   RO         5134    i.BEMF_Observer     smo.o
    0x080019f4   0x080019f4   0x00000002   Code   RO          445    i.BusFault_Handler  stm32h7xx_it.o
    0x080019f6   0x080019f6   0x00000002   PAD
    0x080019f8   0x080019f8   0x000000b4   Code   RO         1633    i.DMA_CalcBaseAndBitshift  stm32h7xx_hal_dma.o
    0x08001aac   0x08001aac   0x0000009c   Code   RO         1634    i.DMA_CalcDMAMUXChannelBaseAndMask  stm32h7xx_hal_dma.o
    0x08001b48   0x08001b48   0x00000074   Code   RO         1635    i.DMA_CalcDMAMUXRequestGenBaseAndMask  stm32h7xx_hal_dma.o
    0x08001bbc   0x08001bbc   0x00000054   Code   RO         1636    i.DMA_CheckFifoParam  stm32h7xx_hal_dma.o
    0x08001c10   0x08001c10   0x00000220   Code   RO         1637    i.DMA_SetConfig     stm32h7xx_hal_dma.o
    0x08001e30   0x08001e30   0x00000002   Code   RO          446    i.DebugMon_Handler  stm32h7xx_it.o
    0x08001e32   0x08001e32   0x00000004   Code   RO           13    i.Error_Handler     main.o
    0x08001e36   0x08001e36   0x00000002   PAD
    0x08001e38   0x08001e38   0x0000001c   Code   RO         4984    i.ExitRun0Mode      system_stm32h7xx.o
    0x08001e54   0x08001e54   0x00000038   Code   RO         5086    i.FOC_Clark_Transform  foc_math.o
    0x08001e8c   0x08001e8c   0x00000046   Code   RO         5087    i.FOC_InvPark_Transform  foc_math.o
    0x08001ed2   0x08001ed2   0x0000005e   Code   RO         5088    i.FOC_Motor_Cali_Offset  foc_math.o
    0x08001f30   0x08001f30   0x00000080   Code   RO         5089    i.FOC_PI_Regulator  foc_math.o
    0x08001fb0   0x08001fb0   0x00000046   Code   RO         5090    i.FOC_Park_Transform  foc_math.o
    0x08001ff6   0x08001ff6   0x00000002   PAD
    0x08001ff8   0x08001ff8   0x000001fc   Code   RO         5091    i.FOC_SVPWM_Generate  foc_math.o
    0x080021f4   0x080021f4   0x000002a0   Code   RO         5024    i.Foc_Close_Loop    foc.o
    0x08002494   0x08002494   0x0000004c   Code   RO         5026    i.Foc_Init          foc.o
    0x080024e0   0x080024e0   0x000000b8   Code   RO         5027    i.Foc_Loop          foc.o
    0x08002598   0x08002598   0x00000124   Code   RO         5028    i.Foc_Open_Loop     foc.o
    0x080026bc   0x080026bc   0x000000a4   Code   RO         5029    i.Foc_ParamInit     foc.o
    0x08002760   0x08002760   0x0000009c   Code   RO          784    i.HAL_ADCEx_Calibration_Start  stm32h7xx_hal_adc_ex.o
    0x080027fc   0x080027fc   0x00000128   Code   RO          804    i.HAL_ADCEx_MultiModeConfigChannel  stm32h7xx_hal_adc_ex.o
    0x08002924   0x08002924   0x00000634   Code   RO          565    i.HAL_ADC_ConfigChannel  stm32h7xx_hal_adc.o
    0x08002f58   0x08002f58   0x00000002   Code   RO          566    i.HAL_ADC_ConvCpltCallback  stm32h7xx_hal_adc.o
    0x08002f5a   0x08002f5a   0x00000002   Code   RO          567    i.HAL_ADC_ConvHalfCpltCallback  stm32h7xx_hal_adc.o
    0x08002f5c   0x08002f5c   0x00000002   Code   RO          569    i.HAL_ADC_ErrorCallback  stm32h7xx_hal_adc.o
    0x08002f5e   0x08002f5e   0x00000002   PAD
    0x08002f60   0x08002f60   0x000002a8   Code   RO          574    i.HAL_ADC_Init      stm32h7xx_hal_adc.o
    0x08003208   0x08003208   0x00000148   Code   RO          277    i.HAL_ADC_MspInit   adc.o
    0x08003350   0x08003350   0x0000012c   Code   RO          581    i.HAL_ADC_Start_DMA  stm32h7xx_hal_adc.o
    0x0800347c   0x0800347c   0x000003bc   Code   RO         1644    i.HAL_DMA_Init      stm32h7xx_hal_dma.o
    0x08003838   0x08003838   0x0000029c   Code   RO         1648    i.HAL_DMA_Start_IT  stm32h7xx_hal_dma.o
    0x08003ad4   0x08003ad4   0x00000024   Code   RO         2488    i.HAL_Delay         stm32h7xx_hal.o
    0x08003af8   0x08003af8   0x0000021c   Code   RO         1486    i.HAL_GPIO_Init     stm32h7xx_hal_gpio.o
    0x08003d14   0x08003d14   0x0000000a   Code   RO         1490    i.HAL_GPIO_WritePin  stm32h7xx_hal_gpio.o
    0x08003d1e   0x08003d1e   0x00000002   PAD
    0x08003d20   0x08003d20   0x0000000c   Code   RO         2504    i.HAL_GetTick       stm32h7xx_hal.o
    0x08003d2c   0x08003d2c   0x00000010   Code   RO         2510    i.HAL_IncTick       stm32h7xx_hal.o
    0x08003d3c   0x08003d3c   0x0000005c   Code   RO         2511    i.HAL_Init          stm32h7xx_hal.o
    0x08003d98   0x08003d98   0x00000040   Code   RO         2512    i.HAL_InitTick      stm32h7xx_hal.o
    0x08003dd8   0x08003dd8   0x0000005c   Code   RO         2329    i.HAL_MPU_ConfigRegion  stm32h7xx_hal_cortex.o
    0x08003e34   0x08003e34   0x0000001c   Code   RO         2330    i.HAL_MPU_Disable   stm32h7xx_hal_cortex.o
    0x08003e50   0x08003e50   0x00000024   Code   RO         2332    i.HAL_MPU_Enable    stm32h7xx_hal_cortex.o
    0x08003e74   0x08003e74   0x0000001c   Code   RO          533    i.HAL_MspInit       stm32h7xx_hal_msp.o
    0x08003e90   0x08003e90   0x0000001a   Code   RO         2336    i.HAL_NVIC_EnableIRQ  stm32h7xx_hal_cortex.o
    0x08003eaa   0x08003eaa   0x00000002   PAD
    0x08003eac   0x08003eac   0x00000040   Code   RO         2342    i.HAL_NVIC_SetPriority  stm32h7xx_hal_cortex.o
    0x08003eec   0x08003eec   0x00000024   Code   RO         2343    i.HAL_NVIC_SetPriorityGrouping  stm32h7xx_hal_cortex.o
    0x08003f10   0x08003f10   0x00000054   Code   RO         2087    i.HAL_PWREx_ConfigSupply  stm32h7xx_hal_pwr_ex.o
    0x08003f64   0x08003f64   0x00000024   Code   RO         1129    i.HAL_RCCEx_GetD3PCLK1Freq  stm32h7xx_hal_rcc_ex.o
    0x08003f88   0x08003f88   0x00000148   Code   RO         1130    i.HAL_RCCEx_GetPLL1ClockFreq  stm32h7xx_hal_rcc_ex.o
    0x080040d0   0x080040d0   0x00000144   Code   RO         1131    i.HAL_RCCEx_GetPLL2ClockFreq  stm32h7xx_hal_rcc_ex.o
    0x08004214   0x08004214   0x00000144   Code   RO         1132    i.HAL_RCCEx_GetPLL3ClockFreq  stm32h7xx_hal_rcc_ex.o
    0x08004358   0x08004358   0x0000029c   Code   RO         1134    i.HAL_RCCEx_GetPeriphCLKFreq  stm32h7xx_hal_rcc_ex.o
    0x080045f4   0x080045f4   0x0000093a   Code   RO         1138    i.HAL_RCCEx_PeriphCLKConfig  stm32h7xx_hal_rcc_ex.o
    0x08004f2e   0x08004f2e   0x00000002   PAD
    0x08004f30   0x08004f30   0x0000025c   Code   RO         1014    i.HAL_RCC_ClockConfig  stm32h7xx_hal_rcc.o
    0x0800518c   0x0800518c   0x00000044   Code   RO         1019    i.HAL_RCC_GetHCLKFreq  stm32h7xx_hal_rcc.o
    0x080051d0   0x080051d0   0x00000024   Code   RO         1021    i.HAL_RCC_GetPCLK1Freq  stm32h7xx_hal_rcc.o
    0x080051f4   0x080051f4   0x00000024   Code   RO         1022    i.HAL_RCC_GetPCLK2Freq  stm32h7xx_hal_rcc.o
    0x08005218   0x08005218   0x00000138   Code   RO         1023    i.HAL_RCC_GetSysClockFreq  stm32h7xx_hal_rcc.o
    0x08005350   0x08005350   0x00000526   Code   RO         1026    i.HAL_RCC_OscConfig  stm32h7xx_hal_rcc.o
    0x08005876   0x08005876   0x00000026   Code   RO         2347    i.HAL_SYSTICK_Config  stm32h7xx_hal_cortex.o
    0x0800589c   0x0800589c   0x00000002   Code   RO         4143    i.HAL_TIMEx_Break2Callback  stm32h7xx_hal_tim_ex.o
    0x0800589e   0x0800589e   0x00000002   Code   RO         4144    i.HAL_TIMEx_BreakCallback  stm32h7xx_hal_tim_ex.o
    0x080058a0   0x080058a0   0x00000002   Code   RO         4145    i.HAL_TIMEx_CommutCallback  stm32h7xx_hal_tim_ex.o
    0x080058a2   0x080058a2   0x00000002   PAD
    0x080058a4   0x080058a4   0x000000a0   Code   RO         4147    i.HAL_TIMEx_ConfigBreakDeadTime  stm32h7xx_hal_tim_ex.o
    0x08005944   0x08005944   0x000000b8   Code   RO         4166    i.HAL_TIMEx_MasterConfigSynchronization  stm32h7xx_hal_tim_ex.o
    0x080059fc   0x080059fc   0x00000062   Code   RO         3429    i.HAL_TIM_Base_Init  stm32h7xx_hal_tim.o
    0x08005a5e   0x08005a5e   0x00000002   PAD
    0x08005a60   0x08005a60   0x00000064   Code   RO          350    i.HAL_TIM_Base_MspInit  tim.o
    0x08005ac4   0x08005ac4   0x000000a0   Code   RO         3434    i.HAL_TIM_Base_Start_IT  stm32h7xx_hal_tim.o
    0x08005b64   0x08005b64   0x000000fc   Code   RO         3438    i.HAL_TIM_ConfigClockSource  stm32h7xx_hal_tim.o
    0x08005c60   0x08005c60   0x00000002   Code   RO         3463    i.HAL_TIM_IC_CaptureCallback  stm32h7xx_hal_tim.o
    0x08005c62   0x08005c62   0x00000148   Code   RO         3477    i.HAL_TIM_IRQHandler  stm32h7xx_hal_tim.o
    0x08005daa   0x08005daa   0x00000002   PAD
    0x08005dac   0x08005dac   0x0000008c   Code   RO          351    i.HAL_TIM_MspPostInit  tim.o
    0x08005e38   0x08005e38   0x00000002   Code   RO         3480    i.HAL_TIM_OC_DelayElapsedCallback  stm32h7xx_hal_tim.o
    0x08005e3a   0x08005e3a   0x00000124   Code   RO         3501    i.HAL_TIM_PWM_ConfigChannel  stm32h7xx_hal_tim.o
    0x08005f5e   0x08005f5e   0x00000062   Code   RO         3504    i.HAL_TIM_PWM_Init  stm32h7xx_hal_tim.o
    0x08005fc0   0x08005fc0   0x00000002   Code   RO         3506    i.HAL_TIM_PWM_MspInit  stm32h7xx_hal_tim.o
    0x08005fc2   0x08005fc2   0x00000002   Code   RO         3507    i.HAL_TIM_PWM_PulseFinishedCallback  stm32h7xx_hal_tim.o
    0x08005fc4   0x08005fc4   0x00000124   Code   RO         3509    i.HAL_TIM_PWM_Start  stm32h7xx_hal_tim.o
    0x080060e8   0x080060e8   0x00000048   Code   RO           14    i.HAL_TIM_PeriodElapsedCallback  main.o
    0x08006130   0x08006130   0x00000002   Code   RO         3520    i.HAL_TIM_TriggerCallback  stm32h7xx_hal_tim.o
    0x08006132   0x08006132   0x00000040   Code   RO         4866    i.HAL_UARTEx_DisableFifoMode  stm32h7xx_hal_uart_ex.o
    0x08006172   0x08006172   0x0000004c   Code   RO         4875    i.HAL_UARTEx_SetRxFifoThreshold  stm32h7xx_hal_uart_ex.o
    0x080061be   0x080061be   0x0000004c   Code   RO         4876    i.HAL_UARTEx_SetTxFifoThreshold  stm32h7xx_hal_uart_ex.o
    0x0800620a   0x0800620a   0x0000006a   Code   RO         4475    i.HAL_UART_Init     stm32h7xx_hal_uart.o
    0x08006274   0x08006274   0x0000009c   Code   RO          404    i.HAL_UART_MspInit  usart.o
    0x08006310   0x08006310   0x000000b0   Code   RO         4484    i.HAL_UART_Transmit  stm32h7xx_hal_uart.o
    0x080063c0   0x080063c0   0x00000002   Code   RO          447    i.HardFault_Handler  stm32h7xx_it.o
    0x080063c2   0x080063c2   0x0000000c   Code   RO          586    i.LL_ADC_GetOffsetChannel  stm32h7xx_hal_adc.o
    0x080063ce   0x080063ce   0x00000008   Code   RO          587    i.LL_ADC_INJ_IsConversionOngoing  stm32h7xx_hal_adc.o
    0x080063d6   0x080063d6   0x00000008   Code   RO          588    i.LL_ADC_REG_IsConversionOngoing  stm32h7xx_hal_adc.o
    0x080063de   0x080063de   0x00000008   Code   RO          814    i.LL_ADC_REG_IsConversionOngoing  stm32h7xx_hal_adc_ex.o
    0x080063e6   0x080063e6   0x00000010   Code   RO          589    i.LL_ADC_REG_IsTriggerSourceSWStart  stm32h7xx_hal_adc.o
    0x080063f6   0x080063f6   0x00000002   PAD
    0x080063f8   0x080063f8   0x00000018   Code   RO          591    i.LL_ADC_SetOffsetState  stm32h7xx_hal_adc.o
    0x08006410   0x08006410   0x000000bc   Code   RO          278    i.MX_ADC1_Init      adc.o
    0x080064cc   0x080064cc   0x000000a8   Code   RO          279    i.MX_ADC2_Init      adc.o
    0x08006574   0x08006574   0x0000001c   Code   RO          325    i.MX_DMA_Init       dma.o
    0x08006590   0x08006590   0x000000f4   Code   RO          252    i.MX_GPIO_Init      gpio.o
    0x08006684   0x08006684   0x0000011c   Code   RO          352    i.MX_TIM1_Init      tim.o
    0x080067a0   0x080067a0   0x00000118   Code   RO          353    i.MX_TIM8_Init      tim.o
    0x080068b8   0x080068b8   0x00000068   Code   RO          405    i.MX_USART10_UART_Init  usart.o
    0x08006920   0x08006920   0x00000002   Code   RO          448    i.MemManage_Handler  stm32h7xx_it.o
    0x08006922   0x08006922   0x00000002   Code   RO          449    i.NMI_Handler       stm32h7xx_it.o
    0x08006924   0x08006924   0x00000002   Code   RO          450    i.PendSV_Handler    stm32h7xx_it.o
    0x08006926   0x08006926   0x00000040   Code   RO           15    i.PeriphCommonClock_Config  main.o
    0x08006966   0x08006966   0x00000002   PAD
    0x08006968   0x08006968   0x0000003c   Code   RO           17    i.Print2_Motor_To_VOFA  main.o
    0x080069a4   0x080069a4   0x00000120   Code   RO         1141    i.RCCEx_PLL2_Config  stm32h7xx_hal_rcc_ex.o
    0x08006ac4   0x08006ac4   0x00000120   Code   RO         1142    i.RCCEx_PLL3_Config  stm32h7xx_hal_rcc_ex.o
    0x08006be4   0x08006be4   0x00000002   Code   RO          451    i.SVC_Handler       stm32h7xx_it.o
    0x08006be6   0x08006be6   0x00000004   Code   RO          452    i.SysTick_Handler   stm32h7xx_it.o
    0x08006bea   0x08006bea   0x00000002   PAD
    0x08006bec   0x08006bec   0x00000098   Code   RO           19    i.SystemClock_Config  main.o
    0x08006c84   0x08006c84   0x000000d8   Code   RO         4986    i.SystemInit        system_stm32h7xx.o
    0x08006d5c   0x08006d5c   0x0000000c   Code   RO          453    i.TIM1_UP_IRQHandler  stm32h7xx_it.o
    0x08006d68   0x08006d68   0x0000000c   Code   RO          454    i.TIM8_UP_TIM13_IRQHandler  stm32h7xx_it.o
    0x08006d74   0x08006d74   0x000000e0   Code   RO         3522    i.TIM_Base_SetConfig  stm32h7xx_hal_tim.o
    0x08006e54   0x08006e54   0x0000001a   Code   RO         3523    i.TIM_CCxChannelCmd  stm32h7xx_hal_tim.o
    0x08006e6e   0x08006e6e   0x00000012   Code   RO         3533    i.TIM_ETR_SetConfig  stm32h7xx_hal_tim.o
    0x08006e80   0x08006e80   0x00000014   Code   RO         3534    i.TIM_ITRx_SetConfig  stm32h7xx_hal_tim.o
    0x08006e94   0x08006e94   0x000000a4   Code   RO         3535    i.TIM_OC1_SetConfig  stm32h7xx_hal_tim.o
    0x08006f38   0x08006f38   0x00000098   Code   RO         3536    i.TIM_OC2_SetConfig  stm32h7xx_hal_tim.o
    0x08006fd0   0x08006fd0   0x00000098   Code   RO         3537    i.TIM_OC3_SetConfig  stm32h7xx_hal_tim.o
    0x08007068   0x08007068   0x00000078   Code   RO         3538    i.TIM_OC4_SetConfig  stm32h7xx_hal_tim.o
    0x080070e0   0x080070e0   0x00000074   Code   RO         3539    i.TIM_OC5_SetConfig  stm32h7xx_hal_tim.o
    0x08007154   0x08007154   0x00000074   Code   RO         3540    i.TIM_OC6_SetConfig  stm32h7xx_hal_tim.o
    0x080071c8   0x080071c8   0x00000022   Code   RO         3542    i.TIM_TI1_ConfigInputStage  stm32h7xx_hal_tim.o
    0x080071ea   0x080071ea   0x00000024   Code   RO         3544    i.TIM_TI2_ConfigInputStage  stm32h7xx_hal_tim.o
    0x0800720e   0x0800720e   0x00000002   PAD
    0x08007210   0x08007210   0x00000044   Code   RO         4880    i.UARTEx_SetNbDataToProcess  stm32h7xx_hal_uart_ex.o
    0x08007254   0x08007254   0x000000c8   Code   RO         4489    i.UART_AdvFeatureConfig  stm32h7xx_hal_uart.o
    0x0800731c   0x0800731c   0x000000aa   Code   RO         4490    i.UART_CheckIdleState  stm32h7xx_hal_uart.o
    0x080073c6   0x080073c6   0x00000002   PAD
    0x080073c8   0x080073c8   0x00000054   Code   RO         4501    i.UART_EndRxTransfer  stm32h7xx_hal_uart.o
    0x0800741c   0x0800741c   0x000003dc   Code   RO         4507    i.UART_SetConfig    stm32h7xx_hal_uart.o
    0x080077f8   0x080077f8   0x00000094   Code   RO         4514    i.UART_WaitOnFlagUntilTimeout  stm32h7xx_hal_uart.o
    0x0800788c   0x0800788c   0x00000002   Code   RO          455    i.UsageFault_Handler  stm32h7xx_it.o
    0x0800788e   0x0800788e   0x00000030   Code   RO         5447    i.__ARM_fpclassify  m_wv.l(fpclassify.o)
    0x080078be   0x080078be   0x00000026   Code   RO         5359    i.__ARM_fpclassifyf  m_wv.l(fpclassifyf.o)
    0x080078e4   0x080078e4   0x00000022   Code   RO         2349    i.__NVIC_SetPriority  stm32h7xx_hal_cortex.o
    0x08007906   0x08007906   0x00000002   PAD
    0x08007908   0x08007908   0x00000150   Code   RO         5254    i.__hardfp_cosf     m_wv.l(cosf.o)
    0x08007a58   0x08007a58   0x00000048   Code   RO         5314    i.__hardfp_fmaxf    m_wv.l(fmaxf.o)
    0x08007aa0   0x08007aa0   0x00000048   Code   RO         5318    i.__hardfp_fminf    m_wv.l(fminf.o)
    0x08007ae8   0x08007ae8   0x000000fc   Code   RO         5266    i.__hardfp_fmod     m_wv.l(fmod.o)
    0x08007be4   0x08007be4   0x000000b0   Code   RO         5278    i.__hardfp_fmodf    m_wv.l(fmodf.o)
    0x08007c94   0x08007c94   0x00000194   Code   RO         5290    i.__hardfp_sinf     m_wv.l(sinf.o)
    0x08007e28   0x08007e28   0x0000003a   Code   RO         5302    i.__hardfp_sqrtf    m_wv.l(sqrtf.o)
    0x08007e62   0x08007e62   0x00000006   PAD
    0x08007e68   0x08007e68   0x00000018   Code   RO         5348    i.__mathlib_dbl_invalid  m_wv.l(dunder.o)
    0x08007e80   0x08007e80   0x00000006   Code   RO         5362    i.__mathlib_flt_infnan  m_wv.l(funder.o)
    0x08007e86   0x08007e86   0x00000002   PAD
    0x08007e88   0x08007e88   0x00000010   Code   RO         5364    i.__mathlib_flt_invalid  m_wv.l(funder.o)
    0x08007e98   0x08007e98   0x00000010   Code   RO         5367    i.__mathlib_flt_underflow  m_wv.l(funder.o)
    0x08007ea8   0x08007ea8   0x00000154   Code   RO         5375    i.__mathlib_rredf2  m_wv.l(rredf.o)
    0x08007ffc   0x08007ffc   0x0000000e   Code   RO         5232    i._is_digit         c_w.l(__printf_wp.o)
    0x0800800a   0x0800800a   0x00000002   PAD
    0x0800800c   0x0800800c   0x00000028   Code   RO         5155    i.foc_hal_adc_get_value  user_foc_hal.o
    0x08008034   0x08008034   0x00000028   Code   RO         5156    i.foc_hal_drive_deinit  user_foc_hal.o
    0x0800805c   0x0800805c   0x00000028   Code   RO         5157    i.foc_hal_drive_init  user_foc_hal.o
    0x08008084   0x08008084   0x0000005c   Code   RO         5158    i.foc_hal_init      user_foc_hal.o
    0x080080e0   0x080080e0   0x00000024   Code   RO         5159    i.foc_hal_pwm_enable  user_foc_hal.o
    0x08008104   0x08008104   0x00000040   Code   RO         5160    i.foc_hal_set_duty  user_foc_hal.o
    0x08008144   0x08008144   0x0000007c   Code   RO         5161    i.foc_hal_tim_start  user_foc_hal.o
    0x080081c0   0x080081c0   0x000000c8   Code   RO           20    i.main              main.o
    0x08008288   0x08008288   0x0000002c   Code   RO         5437    locale$$code        c_w.l(lc_numeric_c.o)
    0x080082b4   0x080082b4   0x0000009c   Code   RO         5439    x$fpl$dnaninf       fz_wv.l(dnaninf.o)
    0x08008350   0x08008350   0x00000150   Code   RO         5336    x$fpl$drem          fz_wv.l(drem_clz.o)
    0x080084a0   0x080084a0   0x00000052   Code   RO         5338    x$fpl$fcmp4         fz_wv.l(fcmp4.o)
    0x080084f2   0x080084f2   0x00000018   Code   RO         5441    x$fpl$fcmpinf       fz_wv.l(fcmpi.o)
    0x0800850a   0x0800850a   0x0000008c   Code   RO         5443    x$fpl$fnaninf       fz_wv.l(fnaninf.o)
    0x08008596   0x08008596   0x0000000a   Code   RO         5523    x$fpl$fpinit        fz_wv.l(fpinit.o)
    0x080085a0   0x080085a0   0x000000f4   Code   RO         5342    x$fpl$frem          fz_wv.l(frem_clz.o)
    0x08008694   0x08008694   0x00000004   Code   RO         5252    x$fpl$printf1       fz_wv.l(printf1.o)
    0x08008698   0x08008698   0x00000000   Code   RO         5344    x$fpl$usenofp       fz_wv.l(usenofp.o)
    0x08008698   0x08008698   0x00000008   Data   RO         1650    .constdata          stm32h7xx_hal_dma.o
    0x080086a0   0x080086a0   0x00000018   Data   RO         4515    .constdata          stm32h7xx_hal_uart.o
    0x080086b8   0x080086b8   0x00000010   Data   RO         4881    .constdata          stm32h7xx_hal_uart_ex.o
    0x080086c8   0x080086c8   0x00000010   Data   RO         4987    .constdata          system_stm32h7xx.o
    0x080086d8   0x080086d8   0x00000060   Data   RO         5033    .constdata          foc.o
    0x08008738   0x08008738   0x00000020   Data   RO         5162    .constdata          user_foc_hal.o
    0x08008758   0x08008758   0x00000020   Data   RO         5376    .constdata          m_wv.l(rredf.o)
    0x08008778   0x08008778   0x00000094   Data   RO         5412    .constdata          c_w.l(bigflt0.o)
    0x0800880c   0x0800880c   0x00000020   Data   RO         5592    Region$$Table       anon$$obj.o
    0x0800882c   0x0800882c   0x0000001c   Data   RO         5436    locale$$data        c_w.l(lc_numeric_c.o)


    Execution Region RW_IRAM1 (Exec base: 0x20000000, Load base: 0x08008848, Size: 0x00000000, Max: 0x00020000, ABSOLUTE)

    **** No section assigned to this execution region ****


    Execution Region RW_IRAM2 (Exec base: 0x24000000, Load base: 0x08008848, Size: 0x00000d38, Max: 0x00050000, ABSOLUTE)

    Exec Addr    Load Addr    Size         Type   Attr      Idx    E Section Name        Object

    0x24000000   0x08008848   0x00000008   Data   RW           21    .data               main.o
    0x24000008   0x08008850   0x00000004   Data   RW          281    .data               adc.o
    0x2400000c   0x08008854   0x0000000c   Data   RW         2535    .data               stm32h7xx_hal.o
    0x24000018   0x08008860   0x00000008   Data   RW         4988    .data               system_stm32h7xx.o
    0x24000020   0x08008868   0x00000004   Data   RW         5135    .data               smo.o
    0x24000024        -       0x000001d0   Zero   RW          280    .bss                adc.o
    0x240001f4        -       0x00000098   Zero   RW          354    .bss                tim.o
    0x2400028c        -       0x00000094   Zero   RW          406    .bss                usart.o
    0x24000320        -       0x000003b4   Zero   RW         5032    .bss                foc.o
    0x240006d4        -       0x00000060   Zero   RW         5450    .bss                c_w.l(libspace.o)
    0x24000734   0x0800886c   0x00000004   PAD
    0x24000738        -       0x00000200   Zero   RW            2    HEAP                startup_stm32h723xx.o
    0x24000938        -       0x00000400   Zero   RW            1    STACK               startup_stm32h723xx.o


==============================================================================

Image component sizes


      Code (inc. data)   RO Data    RW Data    ZI Data      Debug   Object Name

       684         72          0          4        464       3046   adc.o
        28          6          0          0          0        874   dma.o
      1388        110         96          0        948       5012   foc.o
       926         54          0          0          0       5327   foc_math.o
       244         18          0          0          0       1187   gpio.o
       552         50          0          8          0    1240148   main.o
       480         60          0          4          0       1850   smo.o
        72         30        716          0       1536        848   startup_stm32h723xx.o
       220         40          0         12          0      23741   stm32h7xx_hal.o
      3290        294          0          0          0      82464   stm32h7xx_hal_adc.o
       460         32          0          0          0      68709   stm32h7xx_hal_adc_ex.o
       354         28          0          0          0      41869   stm32h7xx_hal_cortex.o
      2704        142          8          0          0       8302   stm32h7xx_hal_dma.o
       550         44          0          0          0       2328   stm32h7xx_hal_gpio.o
        28          6          0          0          0        934   stm32h7xx_hal_msp.o
        84          6          0          0          0        789   stm32h7xx_hal_pwr_ex.o
      2374        102          0          0          0       7140   stm32h7xx_hal_rcc.o
      4618        168          0          0          0      10487   stm32h7xx_hal_rcc_ex.o
      2708        300          0          0          0      18898   stm32h7xx_hal_tim.o
       350         48          0          0          0       4164   stm32h7xx_hal_tim_ex.o
      1872        122         24          0          0      26886   stm32h7xx_hal_uart.o
       284          6         16          0          0       3829   stm32h7xx_hal_uart_ex.o
        44         12          0          0          0       5102   stm32h7xx_it.o
       244         38         16          8          0       1989   system_stm32h7xx.o
       804         54          0          0        152       3737   tim.o
       260         24          0          0        148       1944   usart.o
       436         84         32          0          0       5318   user_foc_hal.o

    ----------------------------------------------------------------------
     26090       1950        940         36       3248    1576922   Object Totals
         0          0         32          0          0          0   (incl. Generated)
        32          0          0          0          0          0   (incl. Padding)

    ----------------------------------------------------------------------

      Code (inc. data)   RO Data    RW Data    ZI Data      Debug   Library Member Name

        44          6          0          0          0         84   __2sprintf.o
         8          0          0          0          0         68   __main.o
       284          0          0          0          0        156   __printf_wp.o
         0          0          0          0          0          0   __rtentry.o
        12          0          0          0          0          0   __rtentry2.o
         6          0          0          0          0          0   __rtentry4.o
        52          8          0          0          0          0   __scatter.o
        26          0          0          0          0          0   __scatter_copy.o
        28          0          0          0          0          0   __scatter_zi.o
        48          6          0          0          0         96   _printf_char_common.o
         6          0          0          0          0          0   _printf_f.o
      1054          0          0          0          0        216   _printf_fp_dec.o
       128         16          0          0          0         84   _printf_fp_infnan.o
         0          0          0          0          0          0   _printf_percent.o
         4          0          0          0          0          0   _printf_percent_end.o
        22          0          0          0          0        100   _rserrno.o
        10          0          0          0          0         68   _sputc.o
       228          4        148          0          0         96   bigflt0.o
      1936        128          0          0          0        672   btod.o
        18          0          0          0          0         80   exit.o
         6          0          0          0          0        152   heapauxi.o
         0          0          0          0          0          0   indicate_semi.o
        44         10         28          0          0         76   lc_numeric_c.o
         2          0          0          0          0          0   libinit.o
        22          0          0          0          0          0   libinit2.o
         2          0          0          0          0          0   libshutdown.o
         2          0          0          0          0          0   libshutdown2.o
         8          4          0          0         96         68   libspace.o
       138          0          0          0          0         80   lludiv10.o
       238          0          0          0          0        100   lludivv7m.o
         8          4          0          0          0         68   rt_errno_addr_intlibspace.o
         8          4          0          0          0         68   rt_locale_intlibspace.o
        78          0          0          0          0         80   rt_memclr_w.o
       100          0          0          0          0         80   rt_memcpy_w.o
         2          0          0          0          0          0   rtexit.o
        10          0          0          0          0          0   rtexit2.o
       104          0          0          0          0         68   strcmpv7m_pel.o
        12          4          0          0          0         68   sys_exit.o
        74          0          0          0          0         80   sys_stackheap_outer.o
         2          0          0          0          0         68   use_no_semi.o
       156          4          0          0          0        140   dnaninf.o
       336         12          0          0          0        136   drem_clz.o
        82          4          0          0          0        160   fcmp4.o
        24          0          0          0          0        116   fcmpi.o
       140          4          0          0          0        132   fnaninf.o
        10          0          0          0          0        116   fpinit.o
       244          8          0          0          0        132   frem_clz.o
         4          0          0          0          0        116   printf1.o
         0          0          0          0          0          0   usenofp.o
       336         60          0          0          0        136   cosf.o
        24         14          0          0          0        116   dunder.o
        72          0          0          0          0        148   fmaxf.o
        72          0          0          0          0        148   fminf.o
       252          6          0          0          0        144   fmod.o
       176          0          0          0          0        168   fmodf.o
        48          0          0          0          0        124   fpclassify.o
        38          0          0          0          0        116   fpclassifyf.o
        38         12          0          0          0        348   funder.o
       340         24         32          0          0        160   rredf.o
       404         60          0          0          0        212   sinf.o
        58          0          0          0          0        136   sqrtf.o

    ----------------------------------------------------------------------
      7650        402        208          0        100       5780   Library Totals
        22          0          0          0          4          0   (incl. Padding)

    ----------------------------------------------------------------------

      Code (inc. data)   RO Data    RW Data    ZI Data      Debug   Library Name

      4774        194        176          0         96       2776   c_w.l
       996         32          0          0          0       1048   fz_wv.l
      1858        176         32          0          0       1956   m_wv.l

    ----------------------------------------------------------------------
      7650        402        208          0        100       5780   Library Totals

    ----------------------------------------------------------------------

==============================================================================


      Code (inc. data)   RO Data    RW Data    ZI Data      Debug   

     33740       2352       1148         36       3348    1565294   Grand Totals
     33740       2352       1148         36       3348    1565294   ELF Image Totals
     33740       2352       1148         36          0          0   ROM Totals

==============================================================================

    Total RO  Size (Code + RO Data)                34888 (  34.07kB)
    Total RW  Size (RW Data + ZI Data)              3384 (   3.30kB)
    Total ROM Size (Code + RO Data + RW Data)      34924 (  34.11kB)

==============================================================================

